Archive member included to satisfy reference by file (symbol)

C:\Users\sdkar\Documents\MCUXpressoIDE_11.6.0_8187\workspace\nxp_lpcxpresso_11c24_board_lib\Release\libnxp_lpcxpresso_11c24_board_lib.a(board_sysinit.o)
                              ./src/sysinit.o (Board_SystemInit)
C:\Users\sdkar\Documents\MCUXpressoIDE_11.6.0_8187\workspace\lpc_chip_11cxx_lib\Release\liblpc_chip_11cxx_lib.a(chip_11xx.o)
                              ./src/Ind_Wrapper.o (SystemCoreClockUpdate)
C:\Users\sdkar\Documents\MCUXpressoIDE_11.6.0_8187\workspace\lpc_chip_11cxx_lib\Release\liblpc_chip_11cxx_lib.a(clock_11xx.o)
                              C:\Users\sdkar\Documents\MCUXpressoIDE_11.6.0_8187\workspace\nxp_lpcxpresso_11c24_board_lib\Release\libnxp_lpcxpresso_11c24_board_lib.a(board_sysinit.o) (Chip_Clock_SetSystemPLLSource)
C:\Users\sdkar\Documents\MCUXpressoIDE_11.6.0_8187\workspace\lpc_chip_11cxx_lib\Release\liblpc_chip_11cxx_lib.a(gpio_11xx_2.o)
                              ./src/Ind_Wrapper.o (Chip_GPIO_Init)
C:\Users\sdkar\Documents\MCUXpressoIDE_11.6.0_8187\workspace\lpc_chip_11cxx_lib\Release\liblpc_chip_11cxx_lib.a(sysctl_11xx.o)
                              ./src/Ind_Wrapper.o (Chip_SYSCTL_SetWakeup)
C:\Users\sdkar\Documents\MCUXpressoIDE_11.6.0_8187\workspace\lpc_chip_11cxx_lib\Release\liblpc_chip_11cxx_lib.a(timer_11xx.o)
                              ./src/motordriver.o (Chip_TIMER_Init)
c:/nxp/mcuxpressoide_11.6.0_8187/ide/plugins/com.nxp.mcuxpresso.tools.win32_11.6.0.202112161359/tools/bin/../lib/gcc/arm-none-eabi/10.3.1/../../../../arm-none-eabi/lib/thumb/v6-m/nofp\libcr_c.a(__weak__main.o)
                              ./src/cr_startup_lpc11xx.o (__main)
c:/nxp/mcuxpressoide_11.6.0_8187/ide/plugins/com.nxp.mcuxpresso.tools.win32_11.6.0.202112161359/tools/bin/../lib/gcc/arm-none-eabi/10.3.1/thumb/v6-m/nofp\libcr_eabihelpers.a(division_32.o)
                              ./src/motordriver.o (__aeabi_idiv)
c:/nxp/mcuxpressoide_11.6.0_8187/ide/plugins/com.nxp.mcuxpresso.tools.win32_11.6.0.202112161359/tools/bin/../lib/gcc/arm-none-eabi/10.3.1/thumb/v6-m/nofp\libcr_eabihelpers.a(division_idiv0.o)
                              c:/nxp/mcuxpressoide_11.6.0_8187/ide/plugins/com.nxp.mcuxpresso.tools.win32_11.6.0.202112161359/tools/bin/../lib/gcc/arm-none-eabi/10.3.1/thumb/v6-m/nofp\libcr_eabihelpers.a(division_32.o) (__aeabi_idiv0)

Allocating common symbols
Common symbol       size              file

SystemCoreClock     0x4               C:\Users\sdkar\Documents\MCUXpressoIDE_11.6.0_8187\workspace\lpc_chip_11cxx_lib\Release\liblpc_chip_11cxx_lib.a(chip_11xx.o)

Discarded input sections

 .text          0x00000000        0x0 ./src/Ind_Wrapper.o
 .data          0x00000000        0x0 ./src/Ind_Wrapper.o
 .bss           0x00000000        0x0 ./src/Ind_Wrapper.o
 .text          0x00000000        0x0 ./src/cr_startup_lpc11xx.o
 .data          0x00000000        0x0 ./src/cr_startup_lpc11xx.o
 .bss           0x00000000        0x0 ./src/cr_startup_lpc11xx.o
 .text          0x00000000        0x0 ./src/crp.o
 .data          0x00000000        0x0 ./src/crp.o
 .bss           0x00000000        0x0 ./src/crp.o
 .text          0x00000000        0x0 ./src/motordriver.o
 .data          0x00000000        0x0 ./src/motordriver.o
 .bss           0x00000000        0x0 ./src/motordriver.o
 .text.DC_MOTOR_Set_Dir
                0x00000000       0x40 ./src/motordriver.o
 .text.DC_Motor_Stop
                0x00000000       0x5c ./src/motordriver.o
 .text.Chip_TIMER_PWMWrite
                0x00000000        0x4 ./src/motordriver.o
 .text.Chip_TIMER_PWMRead
                0x00000000        0x4 ./src/motordriver.o
 .text.setFreq  0x00000000       0x38 ./src/motordriver.o
 .text          0x00000000        0x0 ./src/sysinit.o
 .data          0x00000000        0x0 ./src/sysinit.o
 .bss           0x00000000        0x0 ./src/sysinit.o
 .text          0x00000000        0x0 C:\Users\sdkar\Documents\MCUXpressoIDE_11.6.0_8187\workspace\nxp_lpcxpresso_11c24_board_lib\Release\libnxp_lpcxpresso_11c24_board_lib.a(board_sysinit.o)
 .data          0x00000000        0x0 C:\Users\sdkar\Documents\MCUXpressoIDE_11.6.0_8187\workspace\nxp_lpcxpresso_11c24_board_lib\Release\libnxp_lpcxpresso_11c24_board_lib.a(board_sysinit.o)
 .bss           0x00000000        0x0 C:\Users\sdkar\Documents\MCUXpressoIDE_11.6.0_8187\workspace\nxp_lpcxpresso_11c24_board_lib\Release\libnxp_lpcxpresso_11c24_board_lib.a(board_sysinit.o)
 .text          0x00000000        0x0 C:\Users\sdkar\Documents\MCUXpressoIDE_11.6.0_8187\workspace\lpc_chip_11cxx_lib\Release\liblpc_chip_11cxx_lib.a(chip_11xx.o)
 .data          0x00000000        0x0 C:\Users\sdkar\Documents\MCUXpressoIDE_11.6.0_8187\workspace\lpc_chip_11cxx_lib\Release\liblpc_chip_11cxx_lib.a(chip_11xx.o)
 .bss           0x00000000        0x0 C:\Users\sdkar\Documents\MCUXpressoIDE_11.6.0_8187\workspace\lpc_chip_11cxx_lib\Release\liblpc_chip_11cxx_lib.a(chip_11xx.o)
 .text          0x00000000        0x0 C:\Users\sdkar\Documents\MCUXpressoIDE_11.6.0_8187\workspace\lpc_chip_11cxx_lib\Release\liblpc_chip_11cxx_lib.a(clock_11xx.o)
 .data          0x00000000        0x0 C:\Users\sdkar\Documents\MCUXpressoIDE_11.6.0_8187\workspace\lpc_chip_11cxx_lib\Release\liblpc_chip_11cxx_lib.a(clock_11xx.o)
 .bss           0x00000000        0x0 C:\Users\sdkar\Documents\MCUXpressoIDE_11.6.0_8187\workspace\lpc_chip_11cxx_lib\Release\liblpc_chip_11cxx_lib.a(clock_11xx.o)
 .text.Chip_Clock_SetPLLBypass
                0x00000000       0x14 C:\Users\sdkar\Documents\MCUXpressoIDE_11.6.0_8187\workspace\lpc_chip_11cxx_lib\Release\liblpc_chip_11cxx_lib.a(clock_11xx.o)
 .text.Chip_Clock_SetWDTClockSource
                0x00000000       0x1c C:\Users\sdkar\Documents\MCUXpressoIDE_11.6.0_8187\workspace\lpc_chip_11cxx_lib\Release\liblpc_chip_11cxx_lib.a(clock_11xx.o)
 .text.Chip_Clock_SetCLKOUTSource
                0x00000000       0x1c C:\Users\sdkar\Documents\MCUXpressoIDE_11.6.0_8187\workspace\lpc_chip_11cxx_lib\Release\liblpc_chip_11cxx_lib.a(clock_11xx.o)
 .text          0x00000000        0x0 C:\Users\sdkar\Documents\MCUXpressoIDE_11.6.0_8187\workspace\lpc_chip_11cxx_lib\Release\liblpc_chip_11cxx_lib.a(gpio_11xx_2.o)
 .data          0x00000000        0x0 C:\Users\sdkar\Documents\MCUXpressoIDE_11.6.0_8187\workspace\lpc_chip_11cxx_lib\Release\liblpc_chip_11cxx_lib.a(gpio_11xx_2.o)
 .bss           0x00000000        0x0 C:\Users\sdkar\Documents\MCUXpressoIDE_11.6.0_8187\workspace\lpc_chip_11cxx_lib\Release\liblpc_chip_11cxx_lib.a(gpio_11xx_2.o)
 .text.Chip_GPIO_DeInit
                0x00000000       0x10 C:\Users\sdkar\Documents\MCUXpressoIDE_11.6.0_8187\workspace\lpc_chip_11cxx_lib\Release\liblpc_chip_11cxx_lib.a(gpio_11xx_2.o)
 .text.Chip_GPIO_WriteDirBit
                0x00000000       0x20 C:\Users\sdkar\Documents\MCUXpressoIDE_11.6.0_8187\workspace\lpc_chip_11cxx_lib\Release\liblpc_chip_11cxx_lib.a(gpio_11xx_2.o)
 .text.Chip_GPIO_SetDir
                0x00000000       0x1c C:\Users\sdkar\Documents\MCUXpressoIDE_11.6.0_8187\workspace\lpc_chip_11cxx_lib\Release\liblpc_chip_11cxx_lib.a(gpio_11xx_2.o)
 .text.Chip_GPIO_SetPinDIR
                0x00000000       0x20 C:\Users\sdkar\Documents\MCUXpressoIDE_11.6.0_8187\workspace\lpc_chip_11cxx_lib\Release\liblpc_chip_11cxx_lib.a(gpio_11xx_2.o)
 .text.Chip_GPIO_SetPortDIR
                0x00000000       0x1c C:\Users\sdkar\Documents\MCUXpressoIDE_11.6.0_8187\workspace\lpc_chip_11cxx_lib\Release\liblpc_chip_11cxx_lib.a(gpio_11xx_2.o)
 .text          0x00000000        0x0 C:\Users\sdkar\Documents\MCUXpressoIDE_11.6.0_8187\workspace\lpc_chip_11cxx_lib\Release\liblpc_chip_11cxx_lib.a(sysctl_11xx.o)
 .data          0x00000000        0x0 C:\Users\sdkar\Documents\MCUXpressoIDE_11.6.0_8187\workspace\lpc_chip_11cxx_lib\Release\liblpc_chip_11cxx_lib.a(sysctl_11xx.o)
 .bss           0x00000000        0x0 C:\Users\sdkar\Documents\MCUXpressoIDE_11.6.0_8187\workspace\lpc_chip_11cxx_lib\Release\liblpc_chip_11cxx_lib.a(sysctl_11xx.o)
 .text.Chip_SYSCTL_SetDeepSleepPD
                0x00000000       0x18 C:\Users\sdkar\Documents\MCUXpressoIDE_11.6.0_8187\workspace\lpc_chip_11cxx_lib\Release\liblpc_chip_11cxx_lib.a(sysctl_11xx.o)
 .text          0x00000000        0x0 C:\Users\sdkar\Documents\MCUXpressoIDE_11.6.0_8187\workspace\lpc_chip_11cxx_lib\Release\liblpc_chip_11cxx_lib.a(timer_11xx.o)
 .data          0x00000000        0x0 C:\Users\sdkar\Documents\MCUXpressoIDE_11.6.0_8187\workspace\lpc_chip_11cxx_lib\Release\liblpc_chip_11cxx_lib.a(timer_11xx.o)
 .bss           0x00000000        0x0 C:\Users\sdkar\Documents\MCUXpressoIDE_11.6.0_8187\workspace\lpc_chip_11cxx_lib\Release\liblpc_chip_11cxx_lib.a(timer_11xx.o)
 .text.Chip_TIMER_DeInit
                0x00000000       0x3c C:\Users\sdkar\Documents\MCUXpressoIDE_11.6.0_8187\workspace\lpc_chip_11cxx_lib\Release\liblpc_chip_11cxx_lib.a(timer_11xx.o)
 .text.Chip_TIMER_Reset
                0x00000000       0x18 C:\Users\sdkar\Documents\MCUXpressoIDE_11.6.0_8187\workspace\lpc_chip_11cxx_lib\Release\liblpc_chip_11cxx_lib.a(timer_11xx.o)
 .text.Chip_TIMER_ExtMatchControlSet
                0x00000000       0x22 C:\Users\sdkar\Documents\MCUXpressoIDE_11.6.0_8187\workspace\lpc_chip_11cxx_lib\Release\liblpc_chip_11cxx_lib.a(timer_11xx.o)
 .text          0x00000000        0x0 c:/nxp/mcuxpressoide_11.6.0_8187/ide/plugins/com.nxp.mcuxpresso.tools.win32_11.6.0.202112161359/tools/bin/../lib/gcc/arm-none-eabi/10.3.1/../../../../arm-none-eabi/lib/thumb/v6-m/nofp\libcr_c.a(__weak__main.o)
 .data          0x00000000        0x0 c:/nxp/mcuxpressoide_11.6.0_8187/ide/plugins/com.nxp.mcuxpresso.tools.win32_11.6.0.202112161359/tools/bin/../lib/gcc/arm-none-eabi/10.3.1/../../../../arm-none-eabi/lib/thumb/v6-m/nofp\libcr_c.a(__weak__main.o)
 .bss           0x00000000        0x0 c:/nxp/mcuxpressoide_11.6.0_8187/ide/plugins/com.nxp.mcuxpresso.tools.win32_11.6.0.202112161359/tools/bin/../lib/gcc/arm-none-eabi/10.3.1/../../../../arm-none-eabi/lib/thumb/v6-m/nofp\libcr_c.a(__weak__main.o)
 .text          0x00000000        0x0 c:/nxp/mcuxpressoide_11.6.0_8187/ide/plugins/com.nxp.mcuxpresso.tools.win32_11.6.0.202112161359/tools/bin/../lib/gcc/arm-none-eabi/10.3.1/thumb/v6-m/nofp\libcr_eabihelpers.a(division_32.o)
 .data          0x00000000        0x0 c:/nxp/mcuxpressoide_11.6.0_8187/ide/plugins/com.nxp.mcuxpresso.tools.win32_11.6.0.202112161359/tools/bin/../lib/gcc/arm-none-eabi/10.3.1/thumb/v6-m/nofp\libcr_eabihelpers.a(division_32.o)
 .bss           0x00000000        0x0 c:/nxp/mcuxpressoide_11.6.0_8187/ide/plugins/com.nxp.mcuxpresso.tools.win32_11.6.0.202112161359/tools/bin/../lib/gcc/arm-none-eabi/10.3.1/thumb/v6-m/nofp\libcr_eabihelpers.a(division_32.o)
 .text          0x00000000        0x0 c:/nxp/mcuxpressoide_11.6.0_8187/ide/plugins/com.nxp.mcuxpresso.tools.win32_11.6.0.202112161359/tools/bin/../lib/gcc/arm-none-eabi/10.3.1/thumb/v6-m/nofp\libcr_eabihelpers.a(division_idiv0.o)
 .data          0x00000000        0x0 c:/nxp/mcuxpressoide_11.6.0_8187/ide/plugins/com.nxp.mcuxpresso.tools.win32_11.6.0.202112161359/tools/bin/../lib/gcc/arm-none-eabi/10.3.1/thumb/v6-m/nofp\libcr_eabihelpers.a(division_idiv0.o)
 .bss           0x00000000        0x0 c:/nxp/mcuxpressoide_11.6.0_8187/ide/plugins/com.nxp.mcuxpresso.tools.win32_11.6.0.202112161359/tools/bin/../lib/gcc/arm-none-eabi/10.3.1/thumb/v6-m/nofp\libcr_eabihelpers.a(division_idiv0.o)

Memory Configuration

Name             Origin             Length             Attributes
MFlash32         0x00000000         0x00008000         xr
RamLoc8          0x10000000         0x00002000         xrw
*default*        0x00000000         0xffffffff

Linker script and memory map

LOAD ./src/Ind_Wrapper.o
LOAD ./src/cr_startup_lpc11xx.o
LOAD ./src/crp.o
LOAD ./src/motordriver.o
LOAD ./src/sysinit.o
LOAD C:\Users\sdkar\Documents\MCUXpressoIDE_11.6.0_8187\workspace\nxp_lpcxpresso_11c24_board_lib\Release\libnxp_lpcxpresso_11c24_board_lib.a
LOAD C:\Users\sdkar\Documents\MCUXpressoIDE_11.6.0_8187\workspace\lpc_chip_11cxx_lib\Release\liblpc_chip_11cxx_lib.a
START GROUP
LOAD c:/nxp/mcuxpressoide_11.6.0_8187/ide/plugins/com.nxp.mcuxpresso.tools.win32_11.6.0.202112161359/tools/bin/../lib/gcc/arm-none-eabi/10.3.1/../../../../arm-none-eabi/lib/thumb/v6-m/nofp\libcr_c.a
LOAD c:/nxp/mcuxpressoide_11.6.0_8187/ide/plugins/com.nxp.mcuxpresso.tools.win32_11.6.0.202112161359/tools/bin/../lib/gcc/arm-none-eabi/10.3.1/thumb/v6-m/nofp\libcr_eabihelpers.a
LOAD c:/nxp/mcuxpressoide_11.6.0_8187/ide/plugins/com.nxp.mcuxpresso.tools.win32_11.6.0.202112161359/tools/bin/../lib/gcc/arm-none-eabi/10.3.1/thumb/v6-m/nofp\libgcc.a
END GROUP
                0x00000000                __base_MFlash32 = 0x0
                0x00000000                __base_Flash = 0x0
                0x00008000                __top_MFlash32 = 0x8000
                0x00008000                __top_Flash = 0x8000
                0x10000000                __base_RamLoc8 = 0x10000000
                0x10000000                __base_RAM = 0x10000000
                0x10002000                __top_RamLoc8 = 0x10002000
                0x10002000                __top_RAM = 0x10002000

.text           0x00000000      0xbac
 FILL mask 0xff
                0x00000000                __vectors_start__ = ABSOLUTE (.)
 *(.isr_vector)
 .isr_vector    0x00000000       0xc0 ./src/cr_startup_lpc11xx.o
                0x00000000                g_pfnVectors
                0x000000c0                . = ALIGN (0x4)
                0x000000c0                __section_table_start = .
                0x000000c0                __data_section_table = .
                0x000000c0        0x4 LONG 0xbac LOADADDR (.data)
                0x000000c4        0x4 LONG 0x10000000 ADDR (.data)
                0x000000c8        0x4 LONG 0x4 SIZEOF (.data)
                0x000000cc                __data_section_table_end = .
                0x000000cc                __bss_section_table = .
                0x000000cc        0x4 LONG 0x10000004 ADDR (.bss)
                0x000000d0        0x4 LONG 0x50 SIZEOF (.bss)
                0x000000d4                __bss_section_table_end = .
                0x000000d4                __section_table_end = .
 *(.after_vectors*)
 .after_vectors
                0x000000d4       0x78 ./src/cr_startup_lpc11xx.o
                0x000000d4                NMI_Handler
                0x000000d6                HardFault_Handler
                0x000000d8                SVC_Handler
                0x000000da                PendSV_Handler
                0x000000dc                SysTick_Handler
                0x000000de                TIMER32_0_IRQHandler
                0x000000de                UART_IRQHandler
                0x000000de                TIMER16_0_IRQHandler
                0x000000de                TIMER32_1_IRQHandler
                0x000000de                IntDefaultHandler
                0x000000de                PIOINT1_IRQHandler
                0x000000de                SSP0_IRQHandler
                0x000000de                PIOINT3_IRQHandler
                0x000000de                TIMER16_1_IRQHandler
                0x000000de                ADC_IRQHandler
                0x000000de                SSP1_IRQHandler
                0x000000de                PIOINT2_IRQHandler
                0x000000de                BOD_IRQHandler
                0x000000de                WAKEUP_IRQHandler
                0x000000de                I2C_IRQHandler
                0x000000de                WDT_IRQHandler
                0x000000e0                data_init
                0x000000f6                bss_init
                0x0000010a                ResetISR
                0x000002fc                . = 0x2fc
 *fill*         0x0000014c      0x1b0 ff
                0x000002fc                PROVIDE (__CRP_WORD_START__ = .)
 *(.crp)
 .crp           0x000002fc        0x4 ./src/crp.o
                0x000002fc                CRP_WORD
                0x00000300                PROVIDE (__CRP_WORD_END__ = .)
                0x00000001                ASSERT (! ((__CRP_WORD_START__ == __CRP_WORD_END__)), Linker CRP Enabled, but no CRP_WORD provided within application)
 *(.text*)
 .text.CAN_tx   0x00000300        0x2 ./src/Ind_Wrapper.o
                0x00000300                CAN_tx
 .text.CAN_error
                0x00000302        0x2 ./src/Ind_Wrapper.o
                0x00000302                CAN_error
 .text.Chip_GPIO_AllInit
                0x00000304       0x80 ./src/Ind_Wrapper.o
                0x00000304                Chip_GPIO_AllInit
 .text.baudrateCalculate
                0x00000384       0x78 ./src/Ind_Wrapper.o
                0x00000384                baudrateCalculate
 .text.set_up_msg
                0x000003fc       0x40 ./src/Ind_Wrapper.o
                0x000003fc                set_up_msg
 .text.Send_Msg
                0x0000043c       0x50 ./src/Ind_Wrapper.o
                0x0000043c                Send_Msg
 .text.CAN_rx   0x0000048c       0x90 ./src/Ind_Wrapper.o
                0x0000048c                CAN_rx
 .text.Send_INPData
                0x0000051c       0x74 ./src/Ind_Wrapper.o
                0x0000051c                Send_INPData
 .text.PIOINT0_IRQHandler
                0x00000590       0x70 ./src/Ind_Wrapper.o
                0x00000590                PIOINT0_IRQHandler
 .text.CAN_IRQHandler
                0x00000600       0x14 ./src/Ind_Wrapper.o
                0x00000600                CAN_IRQHandler
 .text.Can_CallbackInit
                0x00000614       0x58 ./src/Ind_Wrapper.o
                0x00000614                Can_CallbackInit
 .text.startup.main
                0x0000066c       0x30 ./src/Ind_Wrapper.o
                0x0000066c                main
 .text.Chip_GPIO_SetPinState.constprop.0
                0x0000069c       0x12 ./src/motordriver.o
 *fill*         0x000006ae        0x2 ff
 .text.DC_MOTOR_Init
                0x000006b0       0x6c ./src/motordriver.o
                0x000006b0                DC_MOTOR_Init
 .text.pwmInit  0x0000071c       0x5c ./src/motordriver.o
                0x0000071c                pwmInit
 .text.DC_MOTOR_Start
                0x00000778       0x80 ./src/motordriver.o
                0x00000778                DC_MOTOR_Start
 .text.DC_MOTOR_Set_Speed
                0x000007f8       0x44 ./src/motordriver.o
                0x000007f8                DC_MOTOR_Set_Speed
 .text.SystemInit
                0x0000083c        0x8 ./src/sysinit.o
                0x0000083c                SystemInit
 .text.Board_SystemInit
                0x00000844       0x90 C:\Users\sdkar\Documents\MCUXpressoIDE_11.6.0_8187\workspace\nxp_lpcxpresso_11c24_board_lib\Release\libnxp_lpcxpresso_11c24_board_lib.a(board_sysinit.o)
                0x00000844                Board_SystemInit
 .text.SystemCoreClockUpdate
                0x000008d4       0x10 C:\Users\sdkar\Documents\MCUXpressoIDE_11.6.0_8187\workspace\lpc_chip_11cxx_lib\Release\liblpc_chip_11cxx_lib.a(chip_11xx.o)
                0x000008d4                SystemCoreClockUpdate
 .text.Chip_Clock_SetSystemPLLSource
                0x000008e4       0x14 C:\Users\sdkar\Documents\MCUXpressoIDE_11.6.0_8187\workspace\lpc_chip_11cxx_lib\Release\liblpc_chip_11cxx_lib.a(clock_11xx.o)
                0x000008e4                Chip_Clock_SetSystemPLLSource
 .text.Chip_Clock_SetMainClockSource
                0x000008f8       0x14 C:\Users\sdkar\Documents\MCUXpressoIDE_11.6.0_8187\workspace\lpc_chip_11cxx_lib\Release\liblpc_chip_11cxx_lib.a(clock_11xx.o)
                0x000008f8                Chip_Clock_SetMainClockSource
 .text.Chip_Clock_GetWDTOSCRate
                0x0000090c       0x28 C:\Users\sdkar\Documents\MCUXpressoIDE_11.6.0_8187\workspace\lpc_chip_11cxx_lib\Release\liblpc_chip_11cxx_lib.a(clock_11xx.o)
                0x0000090c                Chip_Clock_GetWDTOSCRate
 .text.Chip_Clock_GetSystemPLLInClockRate
                0x00000934       0x2c C:\Users\sdkar\Documents\MCUXpressoIDE_11.6.0_8187\workspace\lpc_chip_11cxx_lib\Release\liblpc_chip_11cxx_lib.a(clock_11xx.o)
                0x00000934                Chip_Clock_GetSystemPLLInClockRate
 .text.Chip_Clock_GetSystemPLLOutClockRate
                0x00000960       0x18 C:\Users\sdkar\Documents\MCUXpressoIDE_11.6.0_8187\workspace\lpc_chip_11cxx_lib\Release\liblpc_chip_11cxx_lib.a(clock_11xx.o)
                0x00000960                Chip_Clock_GetSystemPLLOutClockRate
 .text.Chip_Clock_GetMainClockRate
                0x00000978       0x34 C:\Users\sdkar\Documents\MCUXpressoIDE_11.6.0_8187\workspace\lpc_chip_11cxx_lib\Release\liblpc_chip_11cxx_lib.a(clock_11xx.o)
                0x00000978                Chip_Clock_GetMainClockRate
 .text.Chip_Clock_GetSystemClockRate
                0x000009ac       0x14 C:\Users\sdkar\Documents\MCUXpressoIDE_11.6.0_8187\workspace\lpc_chip_11cxx_lib\Release\liblpc_chip_11cxx_lib.a(clock_11xx.o)
                0x000009ac                Chip_Clock_GetSystemClockRate
 .text.Chip_GPIO_Init
                0x000009c0       0x10 C:\Users\sdkar\Documents\MCUXpressoIDE_11.6.0_8187\workspace\lpc_chip_11cxx_lib\Release\liblpc_chip_11cxx_lib.a(gpio_11xx_2.o)
                0x000009c0                Chip_GPIO_Init
 .text.Chip_GPIO_SetupPinInt
                0x000009d0       0x50 C:\Users\sdkar\Documents\MCUXpressoIDE_11.6.0_8187\workspace\lpc_chip_11cxx_lib\Release\liblpc_chip_11cxx_lib.a(gpio_11xx_2.o)
                0x000009d0                Chip_GPIO_SetupPinInt
 .text.Chip_SYSCTL_SetWakeup
                0x00000a20       0x18 C:\Users\sdkar\Documents\MCUXpressoIDE_11.6.0_8187\workspace\lpc_chip_11cxx_lib\Release\liblpc_chip_11cxx_lib.a(sysctl_11xx.o)
                0x00000a20                Chip_SYSCTL_SetWakeup
 .text.Chip_SYSCTL_PowerDown
                0x00000a38       0x1c C:\Users\sdkar\Documents\MCUXpressoIDE_11.6.0_8187\workspace\lpc_chip_11cxx_lib\Release\liblpc_chip_11cxx_lib.a(sysctl_11xx.o)
                0x00000a38                Chip_SYSCTL_PowerDown
 .text.Chip_SYSCTL_PowerUp
                0x00000a54       0x20 C:\Users\sdkar\Documents\MCUXpressoIDE_11.6.0_8187\workspace\lpc_chip_11cxx_lib\Release\liblpc_chip_11cxx_lib.a(sysctl_11xx.o)
                0x00000a54                Chip_SYSCTL_PowerUp
 .text.Chip_TIMER_Init
                0x00000a74       0x3c C:\Users\sdkar\Documents\MCUXpressoIDE_11.6.0_8187\workspace\lpc_chip_11cxx_lib\Release\liblpc_chip_11cxx_lib.a(timer_11xx.o)
                0x00000a74                Chip_TIMER_Init
 .text.__weak_main
                0x00000ab0        0x8 c:/nxp/mcuxpressoide_11.6.0_8187/ide/plugins/com.nxp.mcuxpresso.tools.win32_11.6.0.202112161359/tools/bin/../lib/gcc/arm-none-eabi/10.3.1/../../../../arm-none-eabi/lib/thumb/v6-m/nofp\libcr_c.a(__weak__main.o)
                0x00000ab0                __weak_main
                0x00000ab0                __main
 .text.__aeabi_division_idivmod
                0x00000ab8       0x78 c:/nxp/mcuxpressoide_11.6.0_8187/ide/plugins/com.nxp.mcuxpresso.tools.win32_11.6.0.202112161359/tools/bin/../lib/gcc/arm-none-eabi/10.3.1/thumb/v6-m/nofp\libcr_eabihelpers.a(division_32.o)
                0x00000ab8                __aeabi_idivmod
                0x00000ab8                __aeabi_idiv
                0x00000abe                __aeabi_uidivmod
                0x00000abe                __aeabi_uidiv
 .text.__aeabi_division_idiv0
                0x00000b30        0x2 c:/nxp/mcuxpressoide_11.6.0_8187/ide/plugins/com.nxp.mcuxpresso.tools.win32_11.6.0.202112161359/tools/bin/../lib/gcc/arm-none-eabi/10.3.1/thumb/v6-m/nofp\libcr_eabihelpers.a(division_idiv0.o)
                0x00000b30                __aeabi_idiv0
 *(.rodata .rodata.* .constdata .constdata.*)
 *fill*         0x00000b32        0x2 ff
 .rodata        0x00000b34       0x20 ./src/Ind_Wrapper.o
 .rodata.DC_MOTOR_CfgParam
                0x00000b54       0x18 ./src/motordriver.o
                0x00000b54                DC_MOTOR_CfgParam
 .rodata.wdtOSCRate
                0x00000b6c       0x40 C:\Users\sdkar\Documents\MCUXpressoIDE_11.6.0_8187\workspace\lpc_chip_11cxx_lib\Release\liblpc_chip_11cxx_lib.a(clock_11xx.o)
                0x00000bac                . = ALIGN (0x4)

.glue_7         0x00000bac        0x0
 .glue_7        0x00000bac        0x0 linker stubs

.glue_7t        0x00000bac        0x0
 .glue_7t       0x00000bac        0x0 linker stubs

.vfp11_veneer   0x00000bac        0x0
 .vfp11_veneer  0x00000bac        0x0 linker stubs

.v4_bx          0x00000bac        0x0
 .v4_bx         0x00000bac        0x0 linker stubs

.iplt           0x00000bac        0x0
 .iplt          0x00000bac        0x0 ./src/Ind_Wrapper.o

.rel.dyn        0x00000bac        0x0
 .rel.iplt      0x00000bac        0x0 ./src/Ind_Wrapper.o

.ARM.extab
 *(.ARM.extab* .gnu.linkonce.armextab.*)

.ARM.exidx      0x00000bac        0x0
                0x00000bac                __exidx_start = .
 *(.ARM.exidx* .gnu.linkonce.armexidx.*)
                0x00000bac                __exidx_end = .
                0x00000bac                _etext = .

.uninit_RESERVED
                0x10000000        0x0
                0x10000000                _start_uninit_RESERVED = .
 *(.bss.$RESERVED*)
                0x10000000                . = ALIGN (0x4)
                0x10000000                _end_uninit_RESERVED = .

.data           0x10000000        0x4 load address 0x00000bac
 FILL mask 0xff
                0x10000000                _data = .
                [!provide]                PROVIDE (__start_data_RAM = .)
                [!provide]                PROVIDE (__start_data_RamLoc8 = .)
 *(vtable)
 *(.ramfunc*)
 *(CodeQuickAccess)
 *(DataQuickAccess)
 *(RamFunction)
 *(.data*)
 .data.pwm      0x10000000        0x1 ./src/Ind_Wrapper.o
                0x10000000                pwm
                0x10000004                . = ALIGN (0x4)
 *fill*         0x10000001        0x3 ff
                0x10000004                _edata = .
                [!provide]                PROVIDE (__end_data_RAM = .)
                [!provide]                PROVIDE (__end_data_RamLoc8 = .)

.igot.plt       0x10000004        0x0 load address 0x00000bb0
 .igot.plt      0x10000004        0x0 ./src/Ind_Wrapper.o

.bss            0x10000004       0x50
                0x10000004                _bss = .
                [!provide]                PROVIDE (__start_bss_RAM = .)
                [!provide]                PROVIDE (__start_bss_RamLoc8 = .)
 *(.bss*)
 .bss.CanApiClkInitTable
                0x10000004        0x8 ./src/Ind_Wrapper.o
                0x10000004                CanApiClkInitTable
 .bss.Rx_Command
                0x1000000c       0x14 ./src/Ind_Wrapper.o
                0x1000000c                Rx_Command
 .bss.Send_Data
                0x10000020       0x14 ./src/Ind_Wrapper.o
                0x10000020                Send_Data
 .bss.count     0x10000034        0x4 ./src/Ind_Wrapper.o
                0x10000034                count
 .bss.send_msg  0x10000038       0x14 ./src/Ind_Wrapper.o
                0x10000038                send_msg
 .bss.turn_value
                0x1000004c        0x2 ./src/Ind_Wrapper.o
                0x1000004c                turn_value
 *(COMMON)
 *fill*         0x1000004e        0x2 
 COMMON         0x10000050        0x4 C:\Users\sdkar\Documents\MCUXpressoIDE_11.6.0_8187\workspace\lpc_chip_11cxx_lib\Release\liblpc_chip_11cxx_lib.a(chip_11xx.o)
                0x10000050                SystemCoreClock
                0x10000054                . = ALIGN (0x4)
                0x10000054                _ebss = .
                [!provide]                PROVIDE (__end_bss_RAM = .)
                [!provide]                PROVIDE (__end_bss_RamLoc8 = .)
                [!provide]                PROVIDE (end = .)

.noinit         0x10000054        0x0
                0x10000054                _noinit = .
                [!provide]                PROVIDE (__start_noinit_RAM = .)
                [!provide]                PROVIDE (__start_noinit_RamLoc8 = .)
 *(.noinit*)
                0x10000054                . = ALIGN (0x4)
                0x10000054                _end_noinit = .
                [!provide]                PROVIDE (__end_noinit_RAM = .)
                [!provide]                PROVIDE (__end_noinit_RamLoc8 = .)
                [!provide]                PROVIDE (_pvHeapStart = DEFINED (__user_heap_base)?__user_heap_base:.)
                0x10002000                PROVIDE (_vStackTop = DEFINED (__user_stack_top)?__user_stack_top:(__top_RamLoc8 - 0x0))
                0xefffdd49                PROVIDE (__valid_user_code_checksum = (0x0 - (((_vStackTop + (ResetISR + 0x1)) + (DEFINED (NMI_Handler)?NMI_Handler:M0_NMI_Handler + 0x1)) + (DEFINED (HardFault_Handler)?HardFault_Handler:M0_HardFault_Handler + 0x1))))
                0x00000000                _image_start = LOADADDR (.text)
                0x00000bb0                _image_end = (LOADADDR (.data) + SIZEOF (.data))
                0x00000bb0                _image_size = (_image_end - _image_start)
OUTPUT(Ind_Wrapper.axf elf32-littlearm)
LOAD linker stubs

.debug_info     0x00000000     0x60a5
 .debug_info    0x00000000     0x197f ./src/Ind_Wrapper.o
 .debug_info    0x0000197f      0x292 ./src/cr_startup_lpc11xx.o
 .debug_info    0x00001c11       0x3c ./src/crp.o
 .debug_info    0x00001c4d      0xec1 ./src/motordriver.o
 .debug_info    0x00002b0e       0xad ./src/sysinit.o
 .debug_info    0x00002bbb      0xc83 C:\Users\sdkar\Documents\MCUXpressoIDE_11.6.0_8187\workspace\nxp_lpcxpresso_11c24_board_lib\Release\libnxp_lpcxpresso_11c24_board_lib.a(board_sysinit.o)
 .debug_info    0x0000383e      0x123 C:\Users\sdkar\Documents\MCUXpressoIDE_11.6.0_8187\workspace\lpc_chip_11cxx_lib\Release\liblpc_chip_11cxx_lib.a(chip_11xx.o)
 .debug_info    0x00003961      0x9f0 C:\Users\sdkar\Documents\MCUXpressoIDE_11.6.0_8187\workspace\lpc_chip_11cxx_lib\Release\liblpc_chip_11cxx_lib.a(clock_11xx.o)
 .debug_info    0x00004351      0xde7 C:\Users\sdkar\Documents\MCUXpressoIDE_11.6.0_8187\workspace\lpc_chip_11cxx_lib\Release\liblpc_chip_11cxx_lib.a(gpio_11xx_2.o)
 .debug_info    0x00005138      0x631 C:\Users\sdkar\Documents\MCUXpressoIDE_11.6.0_8187\workspace\lpc_chip_11cxx_lib\Release\liblpc_chip_11cxx_lib.a(sysctl_11xx.o)
 .debug_info    0x00005769      0x93c C:\Users\sdkar\Documents\MCUXpressoIDE_11.6.0_8187\workspace\lpc_chip_11cxx_lib\Release\liblpc_chip_11cxx_lib.a(timer_11xx.o)

.debug_abbrev   0x00000000     0x14be
 .debug_abbrev  0x00000000      0x44c ./src/Ind_Wrapper.o
 .debug_abbrev  0x0000044c       0xf9 ./src/cr_startup_lpc11xx.o
 .debug_abbrev  0x00000545       0x35 ./src/crp.o
 .debug_abbrev  0x0000057a      0x2f5 ./src/motordriver.o
 .debug_abbrev  0x0000086f       0x64 ./src/sysinit.o
 .debug_abbrev  0x000008d3      0x290 C:\Users\sdkar\Documents\MCUXpressoIDE_11.6.0_8187\workspace\nxp_lpcxpresso_11c24_board_lib\Release\libnxp_lpcxpresso_11c24_board_lib.a(board_sysinit.o)
 .debug_abbrev  0x00000b63       0xcd C:\Users\sdkar\Documents\MCUXpressoIDE_11.6.0_8187\workspace\lpc_chip_11cxx_lib\Release\liblpc_chip_11cxx_lib.a(chip_11xx.o)
 .debug_abbrev  0x00000c30      0x2bc C:\Users\sdkar\Documents\MCUXpressoIDE_11.6.0_8187\workspace\lpc_chip_11cxx_lib\Release\liblpc_chip_11cxx_lib.a(clock_11xx.o)
 .debug_abbrev  0x00000eec      0x275 C:\Users\sdkar\Documents\MCUXpressoIDE_11.6.0_8187\workspace\lpc_chip_11cxx_lib\Release\liblpc_chip_11cxx_lib.a(gpio_11xx_2.o)
 .debug_abbrev  0x00001161      0x123 C:\Users\sdkar\Documents\MCUXpressoIDE_11.6.0_8187\workspace\lpc_chip_11cxx_lib\Release\liblpc_chip_11cxx_lib.a(sysctl_11xx.o)
 .debug_abbrev  0x00001284      0x23a C:\Users\sdkar\Documents\MCUXpressoIDE_11.6.0_8187\workspace\lpc_chip_11cxx_lib\Release\liblpc_chip_11cxx_lib.a(timer_11xx.o)

.debug_loc      0x00000000     0x1cde
 .debug_loc     0x00000000      0x76f ./src/Ind_Wrapper.o
 .debug_loc     0x0000076f      0x234 ./src/cr_startup_lpc11xx.o
 .debug_loc     0x000009a3      0x787 ./src/motordriver.o
 .debug_loc     0x0000112a      0x1aa C:\Users\sdkar\Documents\MCUXpressoIDE_11.6.0_8187\workspace\nxp_lpcxpresso_11c24_board_lib\Release\libnxp_lpcxpresso_11c24_board_lib.a(board_sysinit.o)
 .debug_loc     0x000012d4      0x1ae C:\Users\sdkar\Documents\MCUXpressoIDE_11.6.0_8187\workspace\lpc_chip_11cxx_lib\Release\liblpc_chip_11cxx_lib.a(clock_11xx.o)
 .debug_loc     0x00001482      0x53b C:\Users\sdkar\Documents\MCUXpressoIDE_11.6.0_8187\workspace\lpc_chip_11cxx_lib\Release\liblpc_chip_11cxx_lib.a(gpio_11xx_2.o)
 .debug_loc     0x000019bd      0x120 C:\Users\sdkar\Documents\MCUXpressoIDE_11.6.0_8187\workspace\lpc_chip_11cxx_lib\Release\liblpc_chip_11cxx_lib.a(sysctl_11xx.o)
 .debug_loc     0x00001add      0x201 C:\Users\sdkar\Documents\MCUXpressoIDE_11.6.0_8187\workspace\lpc_chip_11cxx_lib\Release\liblpc_chip_11cxx_lib.a(timer_11xx.o)

.debug_aranges  0x00000000      0x2e0
 .debug_aranges
                0x00000000       0x78 ./src/Ind_Wrapper.o
 .debug_aranges
                0x00000078       0x60 ./src/cr_startup_lpc11xx.o
 .debug_aranges
                0x000000d8       0x18 ./src/crp.o
 .debug_aranges
                0x000000f0       0x68 ./src/motordriver.o
 .debug_aranges
                0x00000158       0x20 ./src/sysinit.o
 .debug_aranges
                0x00000178       0x20 C:\Users\sdkar\Documents\MCUXpressoIDE_11.6.0_8187\workspace\nxp_lpcxpresso_11c24_board_lib\Release\libnxp_lpcxpresso_11c24_board_lib.a(board_sysinit.o)
 .debug_aranges
                0x00000198       0x20 C:\Users\sdkar\Documents\MCUXpressoIDE_11.6.0_8187\workspace\lpc_chip_11cxx_lib\Release\liblpc_chip_11cxx_lib.a(chip_11xx.o)
 .debug_aranges
                0x000001b8       0x68 C:\Users\sdkar\Documents\MCUXpressoIDE_11.6.0_8187\workspace\lpc_chip_11cxx_lib\Release\liblpc_chip_11cxx_lib.a(clock_11xx.o)
 .debug_aranges
                0x00000220       0x50 C:\Users\sdkar\Documents\MCUXpressoIDE_11.6.0_8187\workspace\lpc_chip_11cxx_lib\Release\liblpc_chip_11cxx_lib.a(gpio_11xx_2.o)
 .debug_aranges
                0x00000270       0x38 C:\Users\sdkar\Documents\MCUXpressoIDE_11.6.0_8187\workspace\lpc_chip_11cxx_lib\Release\liblpc_chip_11cxx_lib.a(sysctl_11xx.o)
 .debug_aranges
                0x000002a8       0x38 C:\Users\sdkar\Documents\MCUXpressoIDE_11.6.0_8187\workspace\lpc_chip_11cxx_lib\Release\liblpc_chip_11cxx_lib.a(timer_11xx.o)

.debug_ranges   0x00000000      0x5b8
 .debug_ranges  0x00000000      0x1d8 ./src/Ind_Wrapper.o
 .debug_ranges  0x000001d8       0x50 ./src/cr_startup_lpc11xx.o
 .debug_ranges  0x00000228      0x188 ./src/motordriver.o
 .debug_ranges  0x000003b0       0x10 ./src/sysinit.o
 .debug_ranges  0x000003c0       0x68 C:\Users\sdkar\Documents\MCUXpressoIDE_11.6.0_8187\workspace\nxp_lpcxpresso_11c24_board_lib\Release\libnxp_lpcxpresso_11c24_board_lib.a(board_sysinit.o)
 .debug_ranges  0x00000428       0x10 C:\Users\sdkar\Documents\MCUXpressoIDE_11.6.0_8187\workspace\lpc_chip_11cxx_lib\Release\liblpc_chip_11cxx_lib.a(chip_11xx.o)
 .debug_ranges  0x00000438       0x78 C:\Users\sdkar\Documents\MCUXpressoIDE_11.6.0_8187\workspace\lpc_chip_11cxx_lib\Release\liblpc_chip_11cxx_lib.a(clock_11xx.o)
 .debug_ranges  0x000004b0       0x88 C:\Users\sdkar\Documents\MCUXpressoIDE_11.6.0_8187\workspace\lpc_chip_11cxx_lib\Release\liblpc_chip_11cxx_lib.a(gpio_11xx_2.o)
 .debug_ranges  0x00000538       0x28 C:\Users\sdkar\Documents\MCUXpressoIDE_11.6.0_8187\workspace\lpc_chip_11cxx_lib\Release\liblpc_chip_11cxx_lib.a(sysctl_11xx.o)
 .debug_ranges  0x00000560       0x58 C:\Users\sdkar\Documents\MCUXpressoIDE_11.6.0_8187\workspace\lpc_chip_11cxx_lib\Release\liblpc_chip_11cxx_lib.a(timer_11xx.o)

.debug_line     0x00000000     0x23a7
 .debug_line    0x00000000      0x899 ./src/Ind_Wrapper.o
 .debug_line    0x00000899      0x1ac ./src/cr_startup_lpc11xx.o
 .debug_line    0x00000a45       0x2d ./src/crp.o
 .debug_line    0x00000a72      0x637 ./src/motordriver.o
 .debug_line    0x000010a9       0xc0 ./src/sysinit.o
 .debug_line    0x00001169      0x263 C:\Users\sdkar\Documents\MCUXpressoIDE_11.6.0_8187\workspace\nxp_lpcxpresso_11c24_board_lib\Release\libnxp_lpcxpresso_11c24_board_lib.a(board_sysinit.o)
 .debug_line    0x000013cc      0x1cb C:\Users\sdkar\Documents\MCUXpressoIDE_11.6.0_8187\workspace\lpc_chip_11cxx_lib\Release\liblpc_chip_11cxx_lib.a(chip_11xx.o)
 .debug_line    0x00001597      0x437 C:\Users\sdkar\Documents\MCUXpressoIDE_11.6.0_8187\workspace\lpc_chip_11cxx_lib\Release\liblpc_chip_11cxx_lib.a(clock_11xx.o)
 .debug_line    0x000019ce      0x419 C:\Users\sdkar\Documents\MCUXpressoIDE_11.6.0_8187\workspace\lpc_chip_11cxx_lib\Release\liblpc_chip_11cxx_lib.a(gpio_11xx_2.o)
 .debug_line    0x00001de7      0x269 C:\Users\sdkar\Documents\MCUXpressoIDE_11.6.0_8187\workspace\lpc_chip_11cxx_lib\Release\liblpc_chip_11cxx_lib.a(sysctl_11xx.o)
 .debug_line    0x00002050      0x357 C:\Users\sdkar\Documents\MCUXpressoIDE_11.6.0_8187\workspace\lpc_chip_11cxx_lib\Release\liblpc_chip_11cxx_lib.a(timer_11xx.o)

.debug_str      0x00000000     0x20de
 .debug_str     0x00000000     0x101e ./src/Ind_Wrapper.o
                               0x10a9 (size before relaxing)
 .debug_str     0x0000101e      0x137 ./src/cr_startup_lpc11xx.o
                                0x266 (size before relaxing)
 .debug_str     0x00001155       0x16 ./src/crp.o
                                0x134 (size before relaxing)
 .debug_str     0x0000116b      0x24a ./src/motordriver.o
                                0x74b (size before relaxing)
 .debug_str     0x000013b5       0x22 ./src/sysinit.o
                                0x1d4 (size before relaxing)
 .debug_str     0x000013d7      0x4e7 C:\Users\sdkar\Documents\MCUXpressoIDE_11.6.0_8187\workspace\nxp_lpcxpresso_11c24_board_lib\Release\libnxp_lpcxpresso_11c24_board_lib.a(board_sysinit.o)
                                0xc6c (size before relaxing)
 .debug_str     0x000018be      0x155 C:\Users\sdkar\Documents\MCUXpressoIDE_11.6.0_8187\workspace\lpc_chip_11cxx_lib\Release\liblpc_chip_11cxx_lib.a(chip_11xx.o)
                                0x252 (size before relaxing)
 .debug_str     0x00001a13      0x3d1 C:\Users\sdkar\Documents\MCUXpressoIDE_11.6.0_8187\workspace\lpc_chip_11cxx_lib\Release\liblpc_chip_11cxx_lib.a(clock_11xx.o)
                                0xa08 (size before relaxing)
 .debug_str     0x00001de4      0x183 C:\Users\sdkar\Documents\MCUXpressoIDE_11.6.0_8187\workspace\lpc_chip_11cxx_lib\Release\liblpc_chip_11cxx_lib.a(gpio_11xx_2.o)
                                0x8e6 (size before relaxing)
 .debug_str     0x00001f67       0x65 C:\Users\sdkar\Documents\MCUXpressoIDE_11.6.0_8187\workspace\lpc_chip_11cxx_lib\Release\liblpc_chip_11cxx_lib.a(sysctl_11xx.o)
                                0x558 (size before relaxing)
 .debug_str     0x00001fcc      0x112 C:\Users\sdkar\Documents\MCUXpressoIDE_11.6.0_8187\workspace\lpc_chip_11cxx_lib\Release\liblpc_chip_11cxx_lib.a(timer_11xx.o)
                                0x7d9 (size before relaxing)

.comment        0x00000000      0x141
 .comment       0x00000000       0x49 ./src/Ind_Wrapper.o
                                 0x4a (size before relaxing)
 .comment       0x00000049       0x4a ./src/cr_startup_lpc11xx.o
 .comment       0x00000049       0x4a ./src/crp.o
 .comment       0x00000049       0x4a ./src/motordriver.o
 .comment       0x00000049       0x4a ./src/sysinit.o
 .comment       0x00000049       0x7f C:\Users\sdkar\Documents\MCUXpressoIDE_11.6.0_8187\workspace\nxp_lpcxpresso_11c24_board_lib\Release\libnxp_lpcxpresso_11c24_board_lib.a(board_sysinit.o)
                                 0x80 (size before relaxing)
 .comment       0x000000c8       0x79 C:\Users\sdkar\Documents\MCUXpressoIDE_11.6.0_8187\workspace\lpc_chip_11cxx_lib\Release\liblpc_chip_11cxx_lib.a(chip_11xx.o)
                                 0x7a (size before relaxing)
 .comment       0x00000141       0x7a C:\Users\sdkar\Documents\MCUXpressoIDE_11.6.0_8187\workspace\lpc_chip_11cxx_lib\Release\liblpc_chip_11cxx_lib.a(clock_11xx.o)
 .comment       0x00000141       0x7a C:\Users\sdkar\Documents\MCUXpressoIDE_11.6.0_8187\workspace\lpc_chip_11cxx_lib\Release\liblpc_chip_11cxx_lib.a(gpio_11xx_2.o)
 .comment       0x00000141       0x7a C:\Users\sdkar\Documents\MCUXpressoIDE_11.6.0_8187\workspace\lpc_chip_11cxx_lib\Release\liblpc_chip_11cxx_lib.a(sysctl_11xx.o)
 .comment       0x00000141       0x7a C:\Users\sdkar\Documents\MCUXpressoIDE_11.6.0_8187\workspace\lpc_chip_11cxx_lib\Release\liblpc_chip_11cxx_lib.a(timer_11xx.o)
 .comment       0x00000141       0x4a c:/nxp/mcuxpressoide_11.6.0_8187/ide/plugins/com.nxp.mcuxpresso.tools.win32_11.6.0.202112161359/tools/bin/../lib/gcc/arm-none-eabi/10.3.1/../../../../arm-none-eabi/lib/thumb/v6-m/nofp\libcr_c.a(__weak__main.o)

.ARM.attributes
                0x00000000       0x2a
 .ARM.attributes
                0x00000000       0x2c ./src/Ind_Wrapper.o
 .ARM.attributes
                0x0000002c       0x2c ./src/cr_startup_lpc11xx.o
 .ARM.attributes
                0x00000058       0x2c ./src/crp.o
 .ARM.attributes
                0x00000084       0x2c ./src/motordriver.o
 .ARM.attributes
                0x000000b0       0x2c ./src/sysinit.o
 .ARM.attributes
                0x000000dc       0x31 C:\Users\sdkar\Documents\MCUXpressoIDE_11.6.0_8187\workspace\nxp_lpcxpresso_11c24_board_lib\Release\libnxp_lpcxpresso_11c24_board_lib.a(board_sysinit.o)
 .ARM.attributes
                0x0000010d       0x2c C:\Users\sdkar\Documents\MCUXpressoIDE_11.6.0_8187\workspace\lpc_chip_11cxx_lib\Release\liblpc_chip_11cxx_lib.a(chip_11xx.o)
 .ARM.attributes
                0x00000139       0x2c C:\Users\sdkar\Documents\MCUXpressoIDE_11.6.0_8187\workspace\lpc_chip_11cxx_lib\Release\liblpc_chip_11cxx_lib.a(clock_11xx.o)
 .ARM.attributes
                0x00000165       0x2c C:\Users\sdkar\Documents\MCUXpressoIDE_11.6.0_8187\workspace\lpc_chip_11cxx_lib\Release\liblpc_chip_11cxx_lib.a(gpio_11xx_2.o)
 .ARM.attributes
                0x00000191       0x2c C:\Users\sdkar\Documents\MCUXpressoIDE_11.6.0_8187\workspace\lpc_chip_11cxx_lib\Release\liblpc_chip_11cxx_lib.a(sysctl_11xx.o)
 .ARM.attributes
                0x000001bd       0x2c C:\Users\sdkar\Documents\MCUXpressoIDE_11.6.0_8187\workspace\lpc_chip_11cxx_lib\Release\liblpc_chip_11cxx_lib.a(timer_11xx.o)
 .ARM.attributes
                0x000001e9       0x2c c:/nxp/mcuxpressoide_11.6.0_8187/ide/plugins/com.nxp.mcuxpresso.tools.win32_11.6.0.202112161359/tools/bin/../lib/gcc/arm-none-eabi/10.3.1/../../../../arm-none-eabi/lib/thumb/v6-m/nofp\libcr_c.a(__weak__main.o)
 .ARM.attributes
                0x00000215       0x1c c:/nxp/mcuxpressoide_11.6.0_8187/ide/plugins/com.nxp.mcuxpresso.tools.win32_11.6.0.202112161359/tools/bin/../lib/gcc/arm-none-eabi/10.3.1/thumb/v6-m/nofp\libcr_eabihelpers.a(division_32.o)
 .ARM.attributes
                0x00000231       0x1c c:/nxp/mcuxpressoide_11.6.0_8187/ide/plugins/com.nxp.mcuxpresso.tools.win32_11.6.0.202112161359/tools/bin/../lib/gcc/arm-none-eabi/10.3.1/thumb/v6-m/nofp\libcr_eabihelpers.a(division_idiv0.o)

.debug_frame    0x00000000      0x59c
 .debug_frame   0x00000000      0x14c ./src/Ind_Wrapper.o
 .debug_frame   0x0000014c       0xbc ./src/cr_startup_lpc11xx.o
 .debug_frame   0x00000208      0x104 ./src/motordriver.o
 .debug_frame   0x0000030c       0x28 ./src/sysinit.o
 .debug_frame   0x00000334       0x2c C:\Users\sdkar\Documents\MCUXpressoIDE_11.6.0_8187\workspace\nxp_lpcxpresso_11c24_board_lib\Release\libnxp_lpcxpresso_11c24_board_lib.a(board_sysinit.o)
 .debug_frame   0x00000360       0x28 C:\Users\sdkar\Documents\MCUXpressoIDE_11.6.0_8187\workspace\lpc_chip_11cxx_lib\Release\liblpc_chip_11cxx_lib.a(chip_11xx.o)
 .debug_frame   0x00000388       0xd0 C:\Users\sdkar\Documents\MCUXpressoIDE_11.6.0_8187\workspace\lpc_chip_11cxx_lib\Release\liblpc_chip_11cxx_lib.a(clock_11xx.o)
 .debug_frame   0x00000458       0x8c C:\Users\sdkar\Documents\MCUXpressoIDE_11.6.0_8187\workspace\lpc_chip_11cxx_lib\Release\liblpc_chip_11cxx_lib.a(gpio_11xx_2.o)
 .debug_frame   0x000004e4       0x58 C:\Users\sdkar\Documents\MCUXpressoIDE_11.6.0_8187\workspace\lpc_chip_11cxx_lib\Release\liblpc_chip_11cxx_lib.a(sysctl_11xx.o)
 .debug_frame   0x0000053c       0x60 C:\Users\sdkar\Documents\MCUXpressoIDE_11.6.0_8187\workspace\lpc_chip_11cxx_lib\Release\liblpc_chip_11cxx_lib.a(timer_11xx.o)

Cross Reference Table

Symbol                                            File
ADC_IRQHandler                                    ./src/cr_startup_lpc11xx.o
BOD_IRQHandler                                    ./src/cr_startup_lpc11xx.o
Board_SystemInit                                  C:\Users\sdkar\Documents\MCUXpressoIDE_11.6.0_8187\workspace\nxp_lpcxpresso_11c24_board_lib\Release\libnxp_lpcxpresso_11c24_board_lib.a(board_sysinit.o)
                                                  ./src/sysinit.o
CAN_IRQHandler                                    ./src/Ind_Wrapper.o
CAN_error                                         ./src/Ind_Wrapper.o
CAN_rx                                            ./src/Ind_Wrapper.o
CAN_tx                                            ./src/Ind_Wrapper.o
CRP_WORD                                          ./src/crp.o
CanApiClkInitTable                                ./src/Ind_Wrapper.o
Can_CallbackInit                                  ./src/Ind_Wrapper.o
Chip_Clock_GetMainClockRate                       C:\Users\sdkar\Documents\MCUXpressoIDE_11.6.0_8187\workspace\lpc_chip_11cxx_lib\Release\liblpc_chip_11cxx_lib.a(clock_11xx.o)
                                                  ./src/Ind_Wrapper.o
Chip_Clock_GetSystemClockRate                     C:\Users\sdkar\Documents\MCUXpressoIDE_11.6.0_8187\workspace\lpc_chip_11cxx_lib\Release\liblpc_chip_11cxx_lib.a(clock_11xx.o)
                                                  C:\Users\sdkar\Documents\MCUXpressoIDE_11.6.0_8187\workspace\lpc_chip_11cxx_lib\Release\liblpc_chip_11cxx_lib.a(chip_11xx.o)
Chip_Clock_GetSystemPLLInClockRate                C:\Users\sdkar\Documents\MCUXpressoIDE_11.6.0_8187\workspace\lpc_chip_11cxx_lib\Release\liblpc_chip_11cxx_lib.a(clock_11xx.o)
Chip_Clock_GetSystemPLLOutClockRate               C:\Users\sdkar\Documents\MCUXpressoIDE_11.6.0_8187\workspace\lpc_chip_11cxx_lib\Release\liblpc_chip_11cxx_lib.a(clock_11xx.o)
Chip_Clock_GetWDTOSCRate                          C:\Users\sdkar\Documents\MCUXpressoIDE_11.6.0_8187\workspace\lpc_chip_11cxx_lib\Release\liblpc_chip_11cxx_lib.a(clock_11xx.o)
Chip_Clock_SetCLKOUTSource                        C:\Users\sdkar\Documents\MCUXpressoIDE_11.6.0_8187\workspace\lpc_chip_11cxx_lib\Release\liblpc_chip_11cxx_lib.a(clock_11xx.o)
Chip_Clock_SetMainClockSource                     C:\Users\sdkar\Documents\MCUXpressoIDE_11.6.0_8187\workspace\lpc_chip_11cxx_lib\Release\liblpc_chip_11cxx_lib.a(clock_11xx.o)
                                                  C:\Users\sdkar\Documents\MCUXpressoIDE_11.6.0_8187\workspace\nxp_lpcxpresso_11c24_board_lib\Release\libnxp_lpcxpresso_11c24_board_lib.a(board_sysinit.o)
Chip_Clock_SetPLLBypass                           C:\Users\sdkar\Documents\MCUXpressoIDE_11.6.0_8187\workspace\lpc_chip_11cxx_lib\Release\liblpc_chip_11cxx_lib.a(clock_11xx.o)
Chip_Clock_SetSystemPLLSource                     C:\Users\sdkar\Documents\MCUXpressoIDE_11.6.0_8187\workspace\lpc_chip_11cxx_lib\Release\liblpc_chip_11cxx_lib.a(clock_11xx.o)
                                                  C:\Users\sdkar\Documents\MCUXpressoIDE_11.6.0_8187\workspace\nxp_lpcxpresso_11c24_board_lib\Release\libnxp_lpcxpresso_11c24_board_lib.a(board_sysinit.o)
Chip_Clock_SetWDTClockSource                      C:\Users\sdkar\Documents\MCUXpressoIDE_11.6.0_8187\workspace\lpc_chip_11cxx_lib\Release\liblpc_chip_11cxx_lib.a(clock_11xx.o)
Chip_GPIO_AllInit                                 ./src/Ind_Wrapper.o
Chip_GPIO_DeInit                                  C:\Users\sdkar\Documents\MCUXpressoIDE_11.6.0_8187\workspace\lpc_chip_11cxx_lib\Release\liblpc_chip_11cxx_lib.a(gpio_11xx_2.o)
Chip_GPIO_Init                                    C:\Users\sdkar\Documents\MCUXpressoIDE_11.6.0_8187\workspace\lpc_chip_11cxx_lib\Release\liblpc_chip_11cxx_lib.a(gpio_11xx_2.o)
                                                  ./src/Ind_Wrapper.o
Chip_GPIO_SetDir                                  C:\Users\sdkar\Documents\MCUXpressoIDE_11.6.0_8187\workspace\lpc_chip_11cxx_lib\Release\liblpc_chip_11cxx_lib.a(gpio_11xx_2.o)
Chip_GPIO_SetPinDIR                               C:\Users\sdkar\Documents\MCUXpressoIDE_11.6.0_8187\workspace\lpc_chip_11cxx_lib\Release\liblpc_chip_11cxx_lib.a(gpio_11xx_2.o)
Chip_GPIO_SetPortDIR                              C:\Users\sdkar\Documents\MCUXpressoIDE_11.6.0_8187\workspace\lpc_chip_11cxx_lib\Release\liblpc_chip_11cxx_lib.a(gpio_11xx_2.o)
Chip_GPIO_SetupPinInt                             C:\Users\sdkar\Documents\MCUXpressoIDE_11.6.0_8187\workspace\lpc_chip_11cxx_lib\Release\liblpc_chip_11cxx_lib.a(gpio_11xx_2.o)
                                                  ./src/Ind_Wrapper.o
Chip_GPIO_WriteDirBit                             C:\Users\sdkar\Documents\MCUXpressoIDE_11.6.0_8187\workspace\lpc_chip_11cxx_lib\Release\liblpc_chip_11cxx_lib.a(gpio_11xx_2.o)
Chip_SYSCTL_PowerDown                             C:\Users\sdkar\Documents\MCUXpressoIDE_11.6.0_8187\workspace\lpc_chip_11cxx_lib\Release\liblpc_chip_11cxx_lib.a(sysctl_11xx.o)
                                                  C:\Users\sdkar\Documents\MCUXpressoIDE_11.6.0_8187\workspace\nxp_lpcxpresso_11c24_board_lib\Release\libnxp_lpcxpresso_11c24_board_lib.a(board_sysinit.o)
Chip_SYSCTL_PowerUp                               C:\Users\sdkar\Documents\MCUXpressoIDE_11.6.0_8187\workspace\lpc_chip_11cxx_lib\Release\liblpc_chip_11cxx_lib.a(sysctl_11xx.o)
                                                  C:\Users\sdkar\Documents\MCUXpressoIDE_11.6.0_8187\workspace\nxp_lpcxpresso_11c24_board_lib\Release\libnxp_lpcxpresso_11c24_board_lib.a(board_sysinit.o)
Chip_SYSCTL_SetDeepSleepPD                        C:\Users\sdkar\Documents\MCUXpressoIDE_11.6.0_8187\workspace\lpc_chip_11cxx_lib\Release\liblpc_chip_11cxx_lib.a(sysctl_11xx.o)
Chip_SYSCTL_SetWakeup                             C:\Users\sdkar\Documents\MCUXpressoIDE_11.6.0_8187\workspace\lpc_chip_11cxx_lib\Release\liblpc_chip_11cxx_lib.a(sysctl_11xx.o)
                                                  ./src/Ind_Wrapper.o
Chip_TIMER_DeInit                                 C:\Users\sdkar\Documents\MCUXpressoIDE_11.6.0_8187\workspace\lpc_chip_11cxx_lib\Release\liblpc_chip_11cxx_lib.a(timer_11xx.o)
Chip_TIMER_ExtMatchControlSet                     C:\Users\sdkar\Documents\MCUXpressoIDE_11.6.0_8187\workspace\lpc_chip_11cxx_lib\Release\liblpc_chip_11cxx_lib.a(timer_11xx.o)
Chip_TIMER_Init                                   C:\Users\sdkar\Documents\MCUXpressoIDE_11.6.0_8187\workspace\lpc_chip_11cxx_lib\Release\liblpc_chip_11cxx_lib.a(timer_11xx.o)
                                                  ./src/motordriver.o
Chip_TIMER_PWMRead                                ./src/motordriver.o
Chip_TIMER_PWMWrite                               ./src/motordriver.o
Chip_TIMER_Reset                                  C:\Users\sdkar\Documents\MCUXpressoIDE_11.6.0_8187\workspace\lpc_chip_11cxx_lib\Release\liblpc_chip_11cxx_lib.a(timer_11xx.o)
DC_MOTOR_CfgParam                                 ./src/motordriver.o
DC_MOTOR_Init                                     ./src/motordriver.o
                                                  ./src/Ind_Wrapper.o
DC_MOTOR_Set_Dir                                  ./src/motordriver.o
DC_MOTOR_Set_Speed                                ./src/motordriver.o
                                                  ./src/Ind_Wrapper.o
DC_MOTOR_Start                                    ./src/motordriver.o
                                                  ./src/Ind_Wrapper.o
DC_Motor_Stop                                     ./src/motordriver.o
HardFault_Handler                                 ./src/cr_startup_lpc11xx.o
I2C_IRQHandler                                    ./src/cr_startup_lpc11xx.o
IntDefaultHandler                                 ./src/cr_startup_lpc11xx.o
NMI_Handler                                       ./src/cr_startup_lpc11xx.o
OscRateIn                                         C:\Users\sdkar\Documents\MCUXpressoIDE_11.6.0_8187\workspace\lpc_chip_11cxx_lib\Release\liblpc_chip_11cxx_lib.a(clock_11xx.o)
PIOINT0_IRQHandler                                ./src/Ind_Wrapper.o
PIOINT1_IRQHandler                                ./src/cr_startup_lpc11xx.o
PIOINT2_IRQHandler                                ./src/cr_startup_lpc11xx.o
PIOINT3_IRQHandler                                ./src/cr_startup_lpc11xx.o
PendSV_Handler                                    ./src/cr_startup_lpc11xx.o
ResetISR                                          ./src/cr_startup_lpc11xx.o
Rx_Command                                        ./src/Ind_Wrapper.o
SSP0_IRQHandler                                   ./src/cr_startup_lpc11xx.o
SSP1_IRQHandler                                   ./src/cr_startup_lpc11xx.o
SVC_Handler                                       ./src/cr_startup_lpc11xx.o
Send_Data                                         ./src/Ind_Wrapper.o
Send_INPData                                      ./src/Ind_Wrapper.o
Send_Msg                                          ./src/Ind_Wrapper.o
SysTick_Handler                                   ./src/cr_startup_lpc11xx.o
SystemCoreClock                                   C:\Users\sdkar\Documents\MCUXpressoIDE_11.6.0_8187\workspace\lpc_chip_11cxx_lib\Release\liblpc_chip_11cxx_lib.a(chip_11xx.o)
SystemCoreClockUpdate                             C:\Users\sdkar\Documents\MCUXpressoIDE_11.6.0_8187\workspace\lpc_chip_11cxx_lib\Release\liblpc_chip_11cxx_lib.a(chip_11xx.o)
                                                  ./src/Ind_Wrapper.o
SystemInit                                        ./src/sysinit.o
                                                  ./src/cr_startup_lpc11xx.o
TIMER16_0_IRQHandler                              ./src/cr_startup_lpc11xx.o
TIMER16_1_IRQHandler                              ./src/cr_startup_lpc11xx.o
TIMER32_0_IRQHandler                              ./src/cr_startup_lpc11xx.o
TIMER32_1_IRQHandler                              ./src/cr_startup_lpc11xx.o
UART_IRQHandler                                   ./src/cr_startup_lpc11xx.o
WAKEUP_IRQHandler                                 ./src/cr_startup_lpc11xx.o
WDT_IRQHandler                                    ./src/cr_startup_lpc11xx.o
__aeabi_idiv                                      c:/nxp/mcuxpressoide_11.6.0_8187/ide/plugins/com.nxp.mcuxpresso.tools.win32_11.6.0.202112161359/tools/bin/../lib/gcc/arm-none-eabi/10.3.1/thumb/v6-m/nofp\libcr_eabihelpers.a(division_32.o)
                                                  ./src/motordriver.o
__aeabi_idiv0                                     c:/nxp/mcuxpressoide_11.6.0_8187/ide/plugins/com.nxp.mcuxpresso.tools.win32_11.6.0.202112161359/tools/bin/../lib/gcc/arm-none-eabi/10.3.1/thumb/v6-m/nofp\libcr_eabihelpers.a(division_idiv0.o)
                                                  c:/nxp/mcuxpressoide_11.6.0_8187/ide/plugins/com.nxp.mcuxpresso.tools.win32_11.6.0.202112161359/tools/bin/../lib/gcc/arm-none-eabi/10.3.1/thumb/v6-m/nofp\libcr_eabihelpers.a(division_32.o)
__aeabi_idivmod                                   c:/nxp/mcuxpressoide_11.6.0_8187/ide/plugins/com.nxp.mcuxpresso.tools.win32_11.6.0.202112161359/tools/bin/../lib/gcc/arm-none-eabi/10.3.1/thumb/v6-m/nofp\libcr_eabihelpers.a(division_32.o)
__aeabi_uidiv                                     c:/nxp/mcuxpressoide_11.6.0_8187/ide/plugins/com.nxp.mcuxpresso.tools.win32_11.6.0.202112161359/tools/bin/../lib/gcc/arm-none-eabi/10.3.1/thumb/v6-m/nofp\libcr_eabihelpers.a(division_32.o)
                                                  C:\Users\sdkar\Documents\MCUXpressoIDE_11.6.0_8187\workspace\lpc_chip_11cxx_lib\Release\liblpc_chip_11cxx_lib.a(clock_11xx.o)
                                                  ./src/motordriver.o
                                                  ./src/Ind_Wrapper.o
__aeabi_uidivmod                                  c:/nxp/mcuxpressoide_11.6.0_8187/ide/plugins/com.nxp.mcuxpresso.tools.win32_11.6.0.202112161359/tools/bin/../lib/gcc/arm-none-eabi/10.3.1/thumb/v6-m/nofp\libcr_eabihelpers.a(division_32.o)
__bss_section_table_end                           ./src/cr_startup_lpc11xx.o
__data_section_table                              ./src/cr_startup_lpc11xx.o
__data_section_table_end                          ./src/cr_startup_lpc11xx.o
__main                                            c:/nxp/mcuxpressoide_11.6.0_8187/ide/plugins/com.nxp.mcuxpresso.tools.win32_11.6.0.202112161359/tools/bin/../lib/gcc/arm-none-eabi/10.3.1/../../../../arm-none-eabi/lib/thumb/v6-m/nofp\libcr_c.a(__weak__main.o)
                                                  ./src/cr_startup_lpc11xx.o
__valid_user_code_checksum                        ./src/cr_startup_lpc11xx.o
__weak_main                                       c:/nxp/mcuxpressoide_11.6.0_8187/ide/plugins/com.nxp.mcuxpresso.tools.win32_11.6.0.202112161359/tools/bin/../lib/gcc/arm-none-eabi/10.3.1/../../../../arm-none-eabi/lib/thumb/v6-m/nofp\libcr_c.a(__weak__main.o)
_vStackTop                                        ./src/cr_startup_lpc11xx.o
baudrateCalculate                                 ./src/Ind_Wrapper.o
bss_init                                          ./src/cr_startup_lpc11xx.o
count                                             ./src/Ind_Wrapper.o
data_init                                         ./src/cr_startup_lpc11xx.o
g_pfnVectors                                      ./src/cr_startup_lpc11xx.o
main                                              ./src/Ind_Wrapper.o
                                                  c:/nxp/mcuxpressoide_11.6.0_8187/ide/plugins/com.nxp.mcuxpresso.tools.win32_11.6.0.202112161359/tools/bin/../lib/gcc/arm-none-eabi/10.3.1/../../../../arm-none-eabi/lib/thumb/v6-m/nofp\libcr_c.a(__weak__main.o)
pwm                                               ./src/Ind_Wrapper.o
pwmInit                                           ./src/motordriver.o
                                                  ./src/Ind_Wrapper.o
send_msg                                          ./src/Ind_Wrapper.o
setFreq                                           ./src/motordriver.o
set_up_msg                                        ./src/Ind_Wrapper.o
turn_value                                        ./src/Ind_Wrapper.o
