../src/Ind_Wrapper.c:65:6:CAN_tx	0	static
../src/Ind_Wrapper.c:73:6:CAN_error	0	static
C:\Users\sdkar\Documents\MCUXpressoIDE_11.6.0_8187\workspace\Ind_Wrapper\inc/Ind_Wrapper.h:36:6:Chip_GPIO_AllInit	16	static
C:\Users\sdkar\Documents\MCUXpressoIDE_11.6.0_8187\workspace\Ind_Wrapper\inc/Ind_Wrapper.h:72:6:baudrateCalculate	24	static
C:\Users\sdkar\Documents\MCUXpressoIDE_11.6.0_8187\workspace\Ind_Wrapper\inc/Ind_Wrapper.h:101:6:set_up_msg	8	static
C:\Users\sdkar\Documents\MCUXpressoIDE_11.6.0_8187\workspace\Ind_Wrapper\inc/Ind_Wrapper.h:117:6:Send_Msg	32	static
../src/Ind_Wrapper.c:40:6:CAN_rx	40	static
C:\Users\sdkar\Documents\MCUXpressoIDE_11.6.0_8187\workspace\Ind_Wrapper\inc/Ind_Wrapper.h:135:6:Send_INPData	8	static
../src/Ind_Wrapper.c:17:6:PIOINT0_IRQHandler	32	static
../src/Ind_Wrapper.c:81:6:CAN_IRQHandler	8	static
../src/Ind_Wrapper.c:87:6:Can_CallbackInit	48	static
../src/Ind_Wrapper.c:110:5:main	8	static
