C:\Users\sdkar\Documents\MCUXpressoIDE_11.6.0_8187\workspace\lpc_chip_11cxx_lib\inc/gpio_11xx_2.h:102:20:Chip_GPIO_SetPinState.constprop	0	static
../src/motordriver.c:34:6:DC_MOTOR_Init	24	static
../src/motordriver.c:55:6:pwmInit	24	static
../src/motordriver.c:79:6:DC_MOTOR_Start	32	static
../src/motordriver.c:116:6:DC_MOTOR_Set_Dir	16	static
../src/motordriver.c:132:6:DC_Motor_Stop	8	static
../src/motordriver.c:161:6:DC_MOTOR_Set_Speed	0	static
../src/motordriver.c:183:6:Chip_TIMER_PWMWrite	0	static
../src/motordriver.c:188:10:Chip_TIMER_PWMRead	0	static
../src/motordriver.c:195:6:setFreq	16	static
