C:\Users\sdkar\Documents\MCUXpressoIDE_11.6.0_8187\w_s_mustafa\lpc_chip_11cxx_lib\inc/core_cm0.h:500:22:NVIC_EnableIRQ	16	static
C:\Users\sdkar\Documents\MCUXpressoIDE_11.6.0_8187\w_s_mustafa\lpc_chip_11cxx_lib\inc/sysctl_11xx.h:455:20:Chip_SYSCTL_EnableStartPin	16	static
C:\Users\sdkar\Documents\MCUXpressoIDE_11.6.0_8187\w_s_mustafa\lpc_chip_11cxx_lib\inc/sysctl_11xx.h:477:20:Chip_SYSCTL_ResetStartPin	16	static
C:\Users\sdkar\Documents\MCUXpressoIDE_11.6.0_8187\w_s_mustafa\lpc_chip_11cxx_lib\inc/clock_11xx.h:296:20:Chip_Clock_EnablePeriphClock	16	static
C:\Users\sdkar\Documents\MCUXpressoIDE_11.6.0_8187\w_s_mustafa\lpc_chip_11cxx_lib\inc/iocon_11xx.h:249:20:Chip_IOCON_PinMuxSet	24	static
C:\Users\sdkar\Documents\MCUXpressoIDE_11.6.0_8187\w_s_mustafa\lpc_chip_11cxx_lib\inc/iocon_11xx.h:262:20:Chip_IOCON_PinMux	24	static
C:\Users\sdkar\Documents\MCUXpressoIDE_11.6.0_8187\w_s_mustafa\lpc_chip_11cxx_lib\inc/gpio_11xx_2.h:153:20:Chip_GPIO_SetPinDIROutput	16	static
C:\Users\sdkar\Documents\MCUXpressoIDE_11.6.0_8187\w_s_mustafa\lpc_chip_11cxx_lib\inc/gpio_11xx_2.h:165:20:Chip_GPIO_SetPinDIRInput	16	static
C:\Users\sdkar\Documents\MCUXpressoIDE_11.6.0_8187\w_s_mustafa\lpc_chip_11cxx_lib\inc/gpio_11xx_2.h:401:20:Chip_GPIO_SetPinToggle	24	static
C:\Users\sdkar\Documents\MCUXpressoIDE_11.6.0_8187\w_s_mustafa\lpc_chip_11cxx_lib\inc/gpio_11xx_2.h:549:20:Chip_GPIO_EnableInt	24	static
C:\Users\sdkar\Documents\MCUXpressoIDE_11.6.0_8187\w_s_mustafa\lpc_chip_11cxx_lib\inc/gpio_11xx_2.h:606:20:Chip_GPIO_ClearInts	24	static
C:\Users\sdkar\Documents\MCUXpressoIDE_11.6.0_8187\w_s_mustafa\COIL_WINDER\inc/COIL_WINDER.h:35:6:Chip_GPIO_AllInit	8	static
C:\Users\sdkar\Documents\MCUXpressoIDE_11.6.0_8187\w_s_mustafa\COIL_WINDER\inc/COIL_WINDER.h:71:6:baudrateCalculate	48	static
C:\Users\sdkar\Documents\MCUXpressoIDE_11.6.0_8187\w_s_mustafa\COIL_WINDER\inc/COIL_WINDER.h:100:6:set_up_msg	8	static
C:\Users\sdkar\Documents\MCUXpressoIDE_11.6.0_8187\w_s_mustafa\COIL_WINDER\inc/COIL_WINDER.h:116:6:Send_Msg	24	static
C:\Users\sdkar\Documents\MCUXpressoIDE_11.6.0_8187\w_s_mustafa\COIL_WINDER\inc/COIL_WINDER.h:134:6:Send_INPData	16	static
../src/COIL_WINDER.c:18:6:PIOINT0_IRQHandler	32	static
../src/COIL_WINDER.c:39:6:CAN_rx	40	static
../src/COIL_WINDER.c:64:6:CAN_tx	16	static
../src/COIL_WINDER.c:72:6:CAN_error	16	static
../src/COIL_WINDER.c:80:6:CAN_IRQHandler	8	static
../src/COIL_WINDER.c:86:6:Can_CallbackInit	48	static
../src/COIL_WINDER.c:110:5:main	8	static
