Archive member included to satisfy reference by file (symbol)

C:\Users\sdkar\Documents\MCUXpressoIDE_11.6.0_8187\workspace\nxp_lpcxpresso_11c24_board_lib\Debug\libnxp_lpcxpresso_11c24_board_lib.a(board_sysinit.o)
                              ./src/sysinit.o (Board_SystemInit)
C:\Users\sdkar\Documents\MCUXpressoIDE_11.6.0_8187\workspace\lpc_chip_11cxx_lib\Debug\liblpc_chip_11cxx_lib.a(chip_11xx.o)
                              ./src/Ind_Wrapper.o (SystemCoreClockUpdate)
C:\Users\sdkar\Documents\MCUXpressoIDE_11.6.0_8187\workspace\lpc_chip_11cxx_lib\Debug\liblpc_chip_11cxx_lib.a(clock_11xx.o)
                              C:\Users\sdkar\Documents\MCUXpressoIDE_11.6.0_8187\workspace\nxp_lpcxpresso_11c24_board_lib\Debug\libnxp_lpcxpresso_11c24_board_lib.a(board_sysinit.o) (Chip_Clock_SetSystemPLLSource)
C:\Users\sdkar\Documents\MCUXpressoIDE_11.6.0_8187\workspace\lpc_chip_11cxx_lib\Debug\liblpc_chip_11cxx_lib.a(gpio_11xx_2.o)
                              ./src/Ind_Wrapper.o (Chip_GPIO_Init)
C:\Users\sdkar\Documents\MCUXpressoIDE_11.6.0_8187\workspace\lpc_chip_11cxx_lib\Debug\liblpc_chip_11cxx_lib.a(sysctl_11xx.o)
                              ./src/Ind_Wrapper.o (Chip_SYSCTL_SetWakeup)
C:\Users\sdkar\Documents\MCUXpressoIDE_11.6.0_8187\workspace\lpc_chip_11cxx_lib\Debug\liblpc_chip_11cxx_lib.a(timer_11xx.o)
                              ./src/motordriver.o (Chip_TIMER_Init)
c:/nxp/mcuxpressoide_11.6.0_8187/ide/plugins/com.nxp.mcuxpresso.tools.win32_11.6.0.202112161359/tools/bin/../lib/gcc/arm-none-eabi/10.3.1/../../../../arm-none-eabi/lib/thumb/v6-m/nofp\libcr_c.a(__weak__main.o)
                              ./src/cr_startup_lpc11xx.o (__main)
c:/nxp/mcuxpressoide_11.6.0_8187/ide/plugins/com.nxp.mcuxpresso.tools.win32_11.6.0.202112161359/tools/bin/../lib/gcc/arm-none-eabi/10.3.1/thumb/v6-m/nofp\libcr_eabihelpers.a(division_32.o)
                              ./src/motordriver.o (__aeabi_idiv)
c:/nxp/mcuxpressoide_11.6.0_8187/ide/plugins/com.nxp.mcuxpresso.tools.win32_11.6.0.202112161359/tools/bin/../lib/gcc/arm-none-eabi/10.3.1/thumb/v6-m/nofp\libcr_eabihelpers.a(division_idiv0.o)
                              c:/nxp/mcuxpressoide_11.6.0_8187/ide/plugins/com.nxp.mcuxpresso.tools.win32_11.6.0.202112161359/tools/bin/../lib/gcc/arm-none-eabi/10.3.1/thumb/v6-m/nofp\libcr_eabihelpers.a(division_32.o) (__aeabi_idiv0)

Discarded input sections

 .group         0x00000000        0xc ./src/Ind_Wrapper.o
 .group         0x00000000        0xc ./src/Ind_Wrapper.o
 .group         0x00000000        0xc ./src/Ind_Wrapper.o
 .group         0x00000000        0xc ./src/Ind_Wrapper.o
 .group         0x00000000        0xc ./src/Ind_Wrapper.o
 .group         0x00000000        0xc ./src/Ind_Wrapper.o
 .group         0x00000000        0xc ./src/Ind_Wrapper.o
 .group         0x00000000        0xc ./src/Ind_Wrapper.o
 .group         0x00000000        0xc ./src/Ind_Wrapper.o
 .group         0x00000000        0xc ./src/Ind_Wrapper.o
 .group         0x00000000        0xc ./src/Ind_Wrapper.o
 .group         0x00000000        0xc ./src/Ind_Wrapper.o
 .group         0x00000000        0xc ./src/Ind_Wrapper.o
 .group         0x00000000        0xc ./src/Ind_Wrapper.o
 .group         0x00000000        0xc ./src/Ind_Wrapper.o
 .group         0x00000000        0xc ./src/Ind_Wrapper.o
 .group         0x00000000        0xc ./src/Ind_Wrapper.o
 .group         0x00000000        0xc ./src/Ind_Wrapper.o
 .group         0x00000000        0xc ./src/Ind_Wrapper.o
 .group         0x00000000        0xc ./src/Ind_Wrapper.o
 .group         0x00000000        0xc ./src/Ind_Wrapper.o
 .group         0x00000000        0xc ./src/Ind_Wrapper.o
 .group         0x00000000        0xc ./src/Ind_Wrapper.o
 .group         0x00000000        0xc ./src/Ind_Wrapper.o
 .group         0x00000000        0xc ./src/Ind_Wrapper.o
 .group         0x00000000        0xc ./src/Ind_Wrapper.o
 .group         0x00000000        0xc ./src/Ind_Wrapper.o
 .group         0x00000000        0xc ./src/Ind_Wrapper.o
 .group         0x00000000        0xc ./src/Ind_Wrapper.o
 .group         0x00000000        0xc ./src/Ind_Wrapper.o
 .group         0x00000000        0xc ./src/Ind_Wrapper.o
 .text          0x00000000        0x0 ./src/Ind_Wrapper.o
 .data          0x00000000        0x0 ./src/Ind_Wrapper.o
 .bss           0x00000000        0x0 ./src/Ind_Wrapper.o
 .group         0x00000000        0xc ./src/cr_startup_lpc11xx.o
 .text          0x00000000        0x0 ./src/cr_startup_lpc11xx.o
 .data          0x00000000        0x0 ./src/cr_startup_lpc11xx.o
 .bss           0x00000000        0x0 ./src/cr_startup_lpc11xx.o
 .debug_macro   0x00000000      0xa66 ./src/cr_startup_lpc11xx.o
 .group         0x00000000        0xc ./src/crp.o
 .group         0x00000000        0xc ./src/crp.o
 .text          0x00000000        0x0 ./src/crp.o
 .data          0x00000000        0x0 ./src/crp.o
 .bss           0x00000000        0x0 ./src/crp.o
 .debug_macro   0x00000000      0xa66 ./src/crp.o
[...]
Memory Configuration

Name             Origin             Length             Attributes
MFlash32         0x00000000         0x00008000         xr
RamLoc8          0x10000000         0x00002000         xrw
*default*        0x00000000         0xffffffff

Linker script and memory map

LOAD ./src/Ind_Wrapper.o
LOAD ./src/cr_startup_lpc11xx.o
LOAD ./src/crp.o
LOAD ./src/motordriver.o
LOAD ./src/sysinit.o
LOAD C:\Users\sdkar\Documents\MCUXpressoIDE_11.6.0_8187\workspace\nxp_lpcxpresso_11c24_board_lib\Debug\libnxp_lpcxpresso_11c24_board_lib.a
LOAD C:\Users\sdkar\Documents\MCUXpressoIDE_11.6.0_8187\workspace\lpc_chip_11cxx_lib\Debug\liblpc_chip_11cxx_lib.a
START GROUP
LOAD c:/nxp/mcuxpressoide_11.6.0_8187/ide/plugins/com.nxp.mcuxpresso.tools.win32_11.6.0.202112161359/tools/bin/../lib/gcc/arm-none-eabi/10.3.1/../../../../arm-none-eabi/lib/thumb/v6-m/nofp\libcr_c.a
LOAD c:/nxp/mcuxpressoide_11.6.0_8187/ide/plugins/com.nxp.mcuxpresso.tools.win32_11.6.0.202112161359/tools/bin/../lib/gcc/arm-none-eabi/10.3.1/thumb/v6-m/nofp\libcr_eabihelpers.a
LOAD c:/nxp/mcuxpressoide_11.6.0_8187/ide/plugins/com.nxp.mcuxpresso.tools.win32_11.6.0.202112161359/tools/bin/../lib/gcc/arm-none-eabi/10.3.1/thumb/v6-m/nofp\libgcc.a
END GROUP
                0x00000000                __base_MFlash32 = 0x0
                0x00000000                __base_Flash = 0x0
                0x00008000                __top_MFlash32 = 0x8000
                0x00008000                __top_Flash = 0x8000
                0x10000000                __base_RamLoc8 = 0x10000000
                0x10000000                __base_RAM = 0x10000000
                0x10002000                __top_RamLoc8 = 0x10002000
                0x10002000                __top_RAM = 0x10002000

.text           0x00000000     0x1b24
 FILL mask 0xff
                0x00000000                __vectors_start__ = ABSOLUTE (.)
 *(.isr_vector)
 .isr_vector    0x00000000       0xc0 ./src/cr_startup_lpc11xx.o
                0x00000000                g_pfnVectors
                0x000000c0                . = ALIGN (0x4)
                0x000000c0                __section_table_start = .
                0x000000c0                __data_section_table = .
                0x000000c0        0x4 LONG 0x1b24 LOADADDR (.data)
                0x000000c4        0x4 LONG 0x10000000 ADDR (.data)
                0x000000c8        0x4 LONG 0x4 SIZEOF (.data)
                0x000000cc                __data_section_table_end = .
                0x000000cc                __bss_section_table = .
                0x000000cc        0x4 LONG 0x10000004 ADDR (.bss)
                0x000000d0        0x4 LONG 0x50 SIZEOF (.bss)
                0x000000d4                __bss_section_table_end = .
                0x000000d4                __section_table_end = .
 *(.after_vectors*)
 .after_vectors
                0x000000d4      0x11c ./src/cr_startup_lpc11xx.o
                0x000000d4                data_init
                0x00000116                bss_init
                0x0000014c                ResetISR
                0x000001cc                NMI_Handler
                0x000001d2                HardFault_Handler
                0x000001d8                SVC_Handler
                0x000001de                PendSV_Handler
                0x000001e4                SysTick_Handler
                0x000001ea                TIMER32_1_IRQHandler
                0x000001ea                IntDefaultHandler
                0x000001ea                PIOINT1_IRQHandler
                0x000001ea                TIMER32_0_IRQHandler
                0x000001ea                UART_IRQHandler
                0x000001ea                TIMER16_1_IRQHandler
                0x000001ea                ADC_IRQHandler
                0x000001ea                SSP1_IRQHandler
                0x000001ea                PIOINT2_IRQHandler
                0x000001ea                BOD_IRQHandler
                0x000001ea                WAKEUP_IRQHandler
                0x000001ea                I2C_IRQHandler
                0x000001ea                WDT_IRQHandler
                0x000001ea                TIMER16_0_IRQHandler
                0x000001ea                SSP0_IRQHandler
                0x000001ea                PIOINT3_IRQHandler
                0x000002fc                . = 0x2fc
 *fill*         0x000001f0      0x10c ff
                0x000002fc                PROVIDE (__CRP_WORD_START__ = .)
 *(.crp)
 .crp           0x000002fc        0x4 ./src/crp.o
                0x000002fc                CRP_WORD
                0x00000300                PROVIDE (__CRP_WORD_END__ = .)
                0x00000001                ASSERT (! ((__CRP_WORD_START__ == __CRP_WORD_END__)), Linker CRP Enabled, but no CRP_WORD provided within application)
 *(.text*)
 .text.NVIC_EnableIRQ
                0x00000300       0x2c ./src/Ind_Wrapper.o
 .text.Chip_SYSCTL_EnableStartPin
                0x0000032c       0x30 ./src/Ind_Wrapper.o
 .text.Chip_SYSCTL_ResetStartPin
                0x0000035c       0x28 ./src/Ind_Wrapper.o
 .text.Chip_Clock_EnablePeriphClock
                0x00000384       0x30 ./src/Ind_Wrapper.o
 .text.Chip_IOCON_PinMuxSet
                0x000003b4       0x26 ./src/Ind_Wrapper.o
 .text.Chip_IOCON_PinMux
                0x000003da       0x40 ./src/Ind_Wrapper.o
 .text.Chip_GPIO_SetPinDIROutput
                0x0000041a       0x4c ./src/Ind_Wrapper.o
 .text.Chip_GPIO_SetPinDIRInput
                0x00000466       0x4e ./src/Ind_Wrapper.o
 .text.Chip_GPIO_SetPinToggle
                0x000004b4       0x5e ./src/Ind_Wrapper.o
 *fill*         0x00000512        0x2 ff
 .text.Chip_GPIO_EnableInt
                0x00000514       0x40 ./src/Ind_Wrapper.o
 .text.Chip_GPIO_ClearInts
                0x00000554       0x30 ./src/Ind_Wrapper.o
 .text.Chip_GPIO_AllInit
                0x00000584       0x84 ./src/Ind_Wrapper.o
                0x00000584                Chip_GPIO_AllInit
 .text.baudrateCalculate
                0x00000608       0xca ./src/Ind_Wrapper.o
                0x00000608                baudrateCalculate
 *fill*         0x000006d2        0x2 ff
 .text.set_up_msg
                0x000006d4       0x58 ./src/Ind_Wrapper.o
                0x000006d4                set_up_msg
 .text.Send_Msg
                0x0000072c       0x9c ./src/Ind_Wrapper.o
                0x0000072c                Send_Msg
 .text.Send_INPData
                0x000007c8      0x128 ./src/Ind_Wrapper.o
                0x000007c8                Send_INPData
 .text.PIOINT0_IRQHandler
                0x000008f0       0x80 ./src/Ind_Wrapper.o
                0x000008f0                PIOINT0_IRQHandler
 .text.CAN_rx   0x00000970       0xd8 ./src/Ind_Wrapper.o
                0x00000970                CAN_rx
 .text.CAN_tx   0x00000a48       0x14 ./src/Ind_Wrapper.o
                0x00000a48                CAN_tx
 .text.CAN_error
                0x00000a5c       0x10 ./src/Ind_Wrapper.o
                0x00000a5c                CAN_error
 .text.CAN_IRQHandler
                0x00000a6c       0x18 ./src/Ind_Wrapper.o
                0x00000a6c                CAN_IRQHandler
 .text.Can_CallbackInit
                0x00000a84       0x60 ./src/Ind_Wrapper.o
                0x00000a84                Can_CallbackInit
 .text.main     0x00000ae4       0x3c ./src/Ind_Wrapper.o
                0x00000ae4                main
 .text.Chip_IOCON_PinMuxSet
                0x00000b20       0x26 ./src/motordriver.o
 .text.Chip_IOCON_PinMux
                0x00000b46       0x40 ./src/motordriver.o
 .text.Chip_TIMER_Enable
                0x00000b86       0x1c ./src/motordriver.o
 .text.Chip_TIMER_PrescaleSet
                0x00000ba2       0x18 ./src/motordriver.o
 .text.Chip_TIMER_SetMatch
                0x00000bba       0x2a ./src/motordriver.o
 .text.Chip_TIMER_ResetOnMatchEnable
                0x00000be4       0x36 ./src/motordriver.o
 .text.Chip_GPIO_SetPinState
                0x00000c1a       0x4e ./src/motordriver.o
 .text.Chip_GPIO_SetPinDIROutput
                0x00000c68       0x4c ./src/motordriver.o
 .text.DC_MOTOR_Init
                0x00000cb4      0x120 ./src/motordriver.o
                0x00000cb4                DC_MOTOR_Init
 .text.pwmInit  0x00000dd4      0x140 ./src/motordriver.o
                0x00000dd4                pwmInit
 .text.DC_MOTOR_Start
                0x00000f14      0x20c ./src/motordriver.o
                0x00000f14                DC_MOTOR_Start
 .text.DC_MOTOR_Set_Speed
                0x00001120      0x124 ./src/motordriver.o
                0x00001120                DC_MOTOR_Set_Speed
 .text.Chip_TIMER_PWMWrite
                0x00001244       0x18 ./src/motordriver.o
                0x00001244                Chip_TIMER_PWMWrite
 .text.SystemInit
                0x0000125c        0xe ./src/sysinit.o
                0x0000125c                SystemInit
 *fill*         0x0000126a        0x2 ff
 .text.Chip_FMC_SetFLASHAccess
                0x0000126c       0x30 C:\Users\sdkar\Documents\MCUXpressoIDE_11.6.0_8187\workspace\nxp_lpcxpresso_11c24_board_lib\Debug\libnxp_lpcxpresso_11c24_board_lib.a(board_sysinit.o)
 .text.Chip_Clock_SetupSystemPLL
                0x0000129c       0x38 C:\Users\sdkar\Documents\MCUXpressoIDE_11.6.0_8187\workspace\nxp_lpcxpresso_11c24_board_lib\Debug\libnxp_lpcxpresso_11c24_board_lib.a(board_sysinit.o)
 .text.Chip_Clock_IsSystemPLLLocked
                0x000012d4       0x1c C:\Users\sdkar\Documents\MCUXpressoIDE_11.6.0_8187\workspace\nxp_lpcxpresso_11c24_board_lib\Debug\libnxp_lpcxpresso_11c24_board_lib.a(board_sysinit.o)
 .text.Chip_Clock_SetSysClockDiv
                0x000012f0       0x1c C:\Users\sdkar\Documents\MCUXpressoIDE_11.6.0_8187\workspace\nxp_lpcxpresso_11c24_board_lib\Debug\libnxp_lpcxpresso_11c24_board_lib.a(board_sysinit.o)
 .text.Chip_Clock_EnablePeriphClock
                0x0000130c       0x30 C:\Users\sdkar\Documents\MCUXpressoIDE_11.6.0_8187\workspace\nxp_lpcxpresso_11c24_board_lib\Debug\libnxp_lpcxpresso_11c24_board_lib.a(board_sysinit.o)
 .text.Chip_IOCON_PinMuxSet
                0x0000133c       0x26 C:\Users\sdkar\Documents\MCUXpressoIDE_11.6.0_8187\workspace\nxp_lpcxpresso_11c24_board_lib\Debug\libnxp_lpcxpresso_11c24_board_lib.a(board_sysinit.o)
 .text.SystemSetupClocking
                0x00001362       0x66 C:\Users\sdkar\Documents\MCUXpressoIDE_11.6.0_8187\workspace\nxp_lpcxpresso_11c24_board_lib\Debug\libnxp_lpcxpresso_11c24_board_lib.a(board_sysinit.o)
 .text.SystemSetupMuxing
                0x000013c8       0x4c C:\Users\sdkar\Documents\MCUXpressoIDE_11.6.0_8187\workspace\nxp_lpcxpresso_11c24_board_lib\Debug\libnxp_lpcxpresso_11c24_board_lib.a(board_sysinit.o)
 .text.Board_SystemInit
                0x00001414       0x12 C:\Users\sdkar\Documents\MCUXpressoIDE_11.6.0_8187\workspace\nxp_lpcxpresso_11c24_board_lib\Debug\libnxp_lpcxpresso_11c24_board_lib.a(board_sysinit.o)
                0x00001414                Board_SystemInit
 *fill*         0x00001426        0x2 ff
 .text.SystemCoreClockUpdate
                0x00001428       0x18 C:\Users\sdkar\Documents\MCUXpressoIDE_11.6.0_8187\workspace\lpc_chip_11cxx_lib\Debug\liblpc_chip_11cxx_lib.a(chip_11xx.o)
                0x00001428                SystemCoreClockUpdate
 .text.Chip_Clock_GetMainOscRate
                0x00001440       0x18 C:\Users\sdkar\Documents\MCUXpressoIDE_11.6.0_8187\workspace\lpc_chip_11cxx_lib\Debug\liblpc_chip_11cxx_lib.a(clock_11xx.o)
 .text.Chip_Clock_GetIntOscRate
                0x00001458       0x10 C:\Users\sdkar\Documents\MCUXpressoIDE_11.6.0_8187\workspace\lpc_chip_11cxx_lib\Debug\liblpc_chip_11cxx_lib.a(clock_11xx.o)
 .text.Chip_Clock_GetWDTLFORate
                0x00001468       0x48 C:\Users\sdkar\Documents\MCUXpressoIDE_11.6.0_8187\workspace\lpc_chip_11cxx_lib\Debug\liblpc_chip_11cxx_lib.a(clock_11xx.o)
 .text.Chip_Clock_GetPLLFreq
                0x000014b0       0x22 C:\Users\sdkar\Documents\MCUXpressoIDE_11.6.0_8187\workspace\lpc_chip_11cxx_lib\Debug\liblpc_chip_11cxx_lib.a(clock_11xx.o)
 *fill*         0x000014d2        0x2 ff
 .text.Chip_Clock_SetSystemPLLSource
                0x000014d4       0x2c C:\Users\sdkar\Documents\MCUXpressoIDE_11.6.0_8187\workspace\lpc_chip_11cxx_lib\Debug\liblpc_chip_11cxx_lib.a(clock_11xx.o)
                0x000014d4                Chip_Clock_SetSystemPLLSource
 .text.Chip_Clock_SetMainClockSource
                0x00001500       0x2c C:\Users\sdkar\Documents\MCUXpressoIDE_11.6.0_8187\workspace\lpc_chip_11cxx_lib\Debug\liblpc_chip_11cxx_lib.a(clock_11xx.o)
                0x00001500                Chip_Clock_SetMainClockSource
 .text.Chip_Clock_GetWDTOSCRate
                0x0000152c       0x1c C:\Users\sdkar\Documents\MCUXpressoIDE_11.6.0_8187\workspace\lpc_chip_11cxx_lib\Debug\liblpc_chip_11cxx_lib.a(clock_11xx.o)
                0x0000152c                Chip_Clock_GetWDTOSCRate
 .text.Chip_Clock_GetSystemPLLInClockRate
                0x00001548       0x40 C:\Users\sdkar\Documents\MCUXpressoIDE_11.6.0_8187\workspace\lpc_chip_11cxx_lib\Debug\liblpc_chip_11cxx_lib.a(clock_11xx.o)
                0x00001548                Chip_Clock_GetSystemPLLInClockRate
 .text.Chip_Clock_GetSystemPLLOutClockRate
                0x00001588       0x24 C:\Users\sdkar\Documents\MCUXpressoIDE_11.6.0_8187\workspace\lpc_chip_11cxx_lib\Debug\liblpc_chip_11cxx_lib.a(clock_11xx.o)
                0x00001588                Chip_Clock_GetSystemPLLOutClockRate
 .text.Chip_Clock_GetMainClockRate
                0x000015ac       0x64 C:\Users\sdkar\Documents\MCUXpressoIDE_11.6.0_8187\workspace\lpc_chip_11cxx_lib\Debug\liblpc_chip_11cxx_lib.a(clock_11xx.o)
                0x000015ac                Chip_Clock_GetMainClockRate
 .text.Chip_Clock_GetSystemClockRate
                0x00001610       0x24 C:\Users\sdkar\Documents\MCUXpressoIDE_11.6.0_8187\workspace\lpc_chip_11cxx_lib\Debug\liblpc_chip_11cxx_lib.a(clock_11xx.o)
                0x00001610                Chip_Clock_GetSystemClockRate
 .text.Chip_Clock_EnablePeriphClock
                0x00001634       0x30 C:\Users\sdkar\Documents\MCUXpressoIDE_11.6.0_8187\workspace\lpc_chip_11cxx_lib\Debug\liblpc_chip_11cxx_lib.a(gpio_11xx_2.o)
 .text.Chip_GPIO_SetPinModeEdge
                0x00001664       0x40 C:\Users\sdkar\Documents\MCUXpressoIDE_11.6.0_8187\workspace\lpc_chip_11cxx_lib\Debug\liblpc_chip_11cxx_lib.a(gpio_11xx_2.o)
 .text.Chip_GPIO_SetPinModeLevel
                0x000016a4       0x40 C:\Users\sdkar\Documents\MCUXpressoIDE_11.6.0_8187\workspace\lpc_chip_11cxx_lib\Debug\liblpc_chip_11cxx_lib.a(gpio_11xx_2.o)
 .text.Chip_GPIO_SetEdgeModeBoth
                0x000016e4       0x40 C:\Users\sdkar\Documents\MCUXpressoIDE_11.6.0_8187\workspace\lpc_chip_11cxx_lib\Debug\liblpc_chip_11cxx_lib.a(gpio_11xx_2.o)
 .text.Chip_GPIO_SetEdgeModeSingle
                0x00001724       0x40 C:\Users\sdkar\Documents\MCUXpressoIDE_11.6.0_8187\workspace\lpc_chip_11cxx_lib\Debug\liblpc_chip_11cxx_lib.a(gpio_11xx_2.o)
 .text.Chip_GPIO_SetModeHigh
                0x00001764       0x40 C:\Users\sdkar\Documents\MCUXpressoIDE_11.6.0_8187\workspace\lpc_chip_11cxx_lib\Debug\liblpc_chip_11cxx_lib.a(gpio_11xx_2.o)
 .text.Chip_GPIO_SetModeLow
                0x000017a4       0x40 C:\Users\sdkar\Documents\MCUXpressoIDE_11.6.0_8187\workspace\lpc_chip_11cxx_lib\Debug\liblpc_chip_11cxx_lib.a(gpio_11xx_2.o)
 .text.Chip_GPIO_Init
                0x000017e4       0x16 C:\Users\sdkar\Documents\MCUXpressoIDE_11.6.0_8187\workspace\lpc_chip_11cxx_lib\Debug\liblpc_chip_11cxx_lib.a(gpio_11xx_2.o)
                0x000017e4                Chip_GPIO_Init
 .text.Chip_GPIO_SetupPinInt
                0x000017fa       0xac C:\Users\sdkar\Documents\MCUXpressoIDE_11.6.0_8187\workspace\lpc_chip_11cxx_lib\Debug\liblpc_chip_11cxx_lib.a(gpio_11xx_2.o)
                0x000017fa                Chip_GPIO_SetupPinInt
 *fill*         0x000018a6        0x2 ff
 .text.Chip_SYSCTL_SetWakeup
                0x000018a8       0x28 C:\Users\sdkar\Documents\MCUXpressoIDE_11.6.0_8187\workspace\lpc_chip_11cxx_lib\Debug\liblpc_chip_11cxx_lib.a(sysctl_11xx.o)
                0x000018a8                Chip_SYSCTL_SetWakeup
 .text.Chip_SYSCTL_PowerDown
                0x000018d0       0x40 C:\Users\sdkar\Documents\MCUXpressoIDE_11.6.0_8187\workspace\lpc_chip_11cxx_lib\Debug\liblpc_chip_11cxx_lib.a(sysctl_11xx.o)
                0x000018d0                Chip_SYSCTL_PowerDown
 .text.Chip_SYSCTL_PowerUp
                0x00001910       0x40 C:\Users\sdkar\Documents\MCUXpressoIDE_11.6.0_8187\workspace\lpc_chip_11cxx_lib\Debug\liblpc_chip_11cxx_lib.a(sysctl_11xx.o)
                0x00001910                Chip_SYSCTL_PowerUp
 .text.Chip_Clock_EnablePeriphClock
                0x00001950       0x30 C:\Users\sdkar\Documents\MCUXpressoIDE_11.6.0_8187\workspace\lpc_chip_11cxx_lib\Debug\liblpc_chip_11cxx_lib.a(timer_11xx.o)
 .text.Chip_TIMER_GetClock
                0x00001980       0x60 C:\Users\sdkar\Documents\MCUXpressoIDE_11.6.0_8187\workspace\lpc_chip_11cxx_lib\Debug\liblpc_chip_11cxx_lib.a(timer_11xx.o)
 .text.Chip_TIMER_Init
                0x000019e0       0x20 C:\Users\sdkar\Documents\MCUXpressoIDE_11.6.0_8187\workspace\lpc_chip_11cxx_lib\Debug\liblpc_chip_11cxx_lib.a(timer_11xx.o)
                0x000019e0                Chip_TIMER_Init
 .text.__weak_main
                0x00001a00        0x8 c:/nxp/mcuxpressoide_11.6.0_8187/ide/plugins/com.nxp.mcuxpresso.tools.win32_11.6.0.202112161359/tools/bin/../lib/gcc/arm-none-eabi/10.3.1/../../../../arm-none-eabi/lib/thumb/v6-m/nofp\libcr_c.a(__weak__main.o)
                0x00001a00                __weak_main
                0x00001a00                __main
 .text.__aeabi_division_idivmod
                0x00001a08       0x78 c:/nxp/mcuxpressoide_11.6.0_8187/ide/plugins/com.nxp.mcuxpresso.tools.win32_11.6.0.202112161359/tools/bin/../lib/gcc/arm-none-eabi/10.3.1/thumb/v6-m/nofp\libcr_eabihelpers.a(division_32.o)
                0x00001a08                __aeabi_idivmod
                0x00001a08                __aeabi_idiv
                0x00001a0e                __aeabi_uidivmod
                0x00001a0e                __aeabi_uidiv
 .text.__aeabi_division_idiv0
                0x00001a80        0x2 c:/nxp/mcuxpressoide_11.6.0_8187/ide/plugins/com.nxp.mcuxpresso.tools.win32_11.6.0.202112161359/tools/bin/../lib/gcc/arm-none-eabi/10.3.1/thumb/v6-m/nofp\libcr_eabihelpers.a(division_idiv0.o)
                0x00001a80                __aeabi_idiv0
 *(.rodata .rodata.* .constdata .constdata.*)
 *fill*         0x00001a82        0x2 ff
 .rodata        0x00001a84       0x20 ./src/Ind_Wrapper.o
 .rodata.DC_MOTOR_CfgParam
                0x00001aa4       0x18 ./src/motordriver.o
                0x00001aa4                DC_MOTOR_CfgParam
 .rodata.pinmuxing
                0x00001abc       0x28 C:\Users\sdkar\Documents\MCUXpressoIDE_11.6.0_8187\workspace\nxp_lpcxpresso_11c24_board_lib\Debug\libnxp_lpcxpresso_11c24_board_lib.a(board_sysinit.o)
 .rodata.wdtOSCRate
                0x00001ae4       0x40 C:\Users\sdkar\Documents\MCUXpressoIDE_11.6.0_8187\workspace\lpc_chip_11cxx_lib\Debug\liblpc_chip_11cxx_lib.a(clock_11xx.o)
                0x00001b24                . = ALIGN (0x4)

.glue_7         0x00001b24        0x0
 .glue_7        0x00001b24        0x0 linker stubs

.glue_7t        0x00001b24        0x0
 .glue_7t       0x00001b24        0x0 linker stubs

.vfp11_veneer   0x00001b24        0x0
 .vfp11_veneer  0x00001b24        0x0 linker stubs

.v4_bx          0x00001b24        0x0
 .v4_bx         0x00001b24        0x0 linker stubs

.iplt           0x00001b24        0x0
 .iplt          0x00001b24        0x0 ./src/Ind_Wrapper.o

.rel.dyn        0x00001b24        0x0
 .rel.iplt      0x00001b24        0x0 ./src/Ind_Wrapper.o

.ARM.extab
 *(.ARM.extab* .gnu.linkonce.armextab.*)

.ARM.exidx      0x00001b24        0x0
                0x00001b24                __exidx_start = .
 *(.ARM.exidx* .gnu.linkonce.armexidx.*)
                0x00001b24                __exidx_end = .
                0x00001b24                _etext = .

.uninit_RESERVED
                0x10000000        0x0
                0x10000000                _start_uninit_RESERVED = .
 *(.bss.$RESERVED*)
                0x10000000                . = ALIGN (0x4)
                0x10000000                _end_uninit_RESERVED = .

.data           0x10000000        0x4 load address 0x00001b24
 FILL mask 0xff
                0x10000000                _data = .
                [!provide]                PROVIDE (__start_data_RAM = .)
                [!provide]                PROVIDE (__start_data_RamLoc8 = .)
 *(vtable)
 *(.ramfunc*)
 *(CodeQuickAccess)
 *(DataQuickAccess)
 *(RamFunction)
 *(.data*)
 .data.pwm      0x10000000        0x1 ./src/Ind_Wrapper.o
                0x10000000                pwm
                0x10000004                . = ALIGN (0x4)
 *fill*         0x10000001        0x3 ff
                0x10000004                _edata = .
                [!provide]                PROVIDE (__end_data_RAM = .)
                [!provide]                PROVIDE (__end_data_RamLoc8 = .)

.igot.plt       0x10000004        0x0 load address 0x00001b28
 .igot.plt      0x10000004        0x0 ./src/Ind_Wrapper.o

.bss            0x10000004       0x50
                0x10000004                _bss = .
                [!provide]                PROVIDE (__start_bss_RAM = .)
                [!provide]                PROVIDE (__start_bss_RamLoc8 = .)
 *(.bss*)
 .bss.Send_Data
                0x10000004       0x14 ./src/Ind_Wrapper.o
                0x10000004                Send_Data
 .bss.Rx_Command
                0x10000018       0x14 ./src/Ind_Wrapper.o
                0x10000018                Rx_Command
 .bss.send_msg  0x1000002c       0x14 ./src/Ind_Wrapper.o
                0x1000002c                send_msg
 .bss.CanApiClkInitTable
                0x10000040        0x8 ./src/Ind_Wrapper.o
                0x10000040                CanApiClkInitTable
 .bss.count     0x10000048        0x4 ./src/Ind_Wrapper.o
                0x10000048                count
 .bss.turn_value
                0x1000004c        0x2 ./src/Ind_Wrapper.o
                0x1000004c                turn_value
 *fill*         0x1000004e        0x2 
 .bss.SystemCoreClock
                0x10000050        0x4 C:\Users\sdkar\Documents\MCUXpressoIDE_11.6.0_8187\workspace\lpc_chip_11cxx_lib\Debug\liblpc_chip_11cxx_lib.a(chip_11xx.o)
                0x10000050                SystemCoreClock
 *(COMMON)
                0x10000054                . = ALIGN (0x4)
                0x10000054                _ebss = .
                [!provide]                PROVIDE (__end_bss_RAM = .)
                [!provide]                PROVIDE (__end_bss_RamLoc8 = .)
                [!provide]                PROVIDE (end = .)

.noinit         0x10000054        0x0
                0x10000054                _noinit = .
                [!provide]                PROVIDE (__start_noinit_RAM = .)
                [!provide]                PROVIDE (__start_noinit_RamLoc8 = .)
 *(.noinit*)
                0x10000054                . = ALIGN (0x4)
                0x10000054                _end_noinit = .
                [!provide]                PROVIDE (__end_noinit_RAM = .)
                [!provide]                PROVIDE (__end_noinit_RamLoc8 = .)
                [!provide]                PROVIDE (_pvHeapStart = DEFINED (__user_heap_base)?__user_heap_base:.)
                0x10002000                PROVIDE (_vStackTop = DEFINED (__user_stack_top)?__user_stack_top:(__top_RamLoc8 - 0x0))
                0xefffdb13                PROVIDE (__valid_user_code_checksum = (0x0 - (((_vStackTop + (ResetISR + 0x1)) + (DEFINED (NMI_Handler)?NMI_Handler:M0_NMI_Handler + 0x1)) + (DEFINED (HardFault_Handler)?HardFault_Handler:M0_HardFault_Handler + 0x1))))
                0x00000000                _image_start = LOADADDR (.text)
                0x00001b28                _image_end = (LOADADDR (.data) + SIZEOF (.data))
                0x00001b28                _image_size = (_image_end - _image_start)
OUTPUT(Ind_Wrapper.axf elf32-littlearm)
LOAD linker stubs

.debug_info     0x00000000     0x4e5f
 .debug_info    0x00000000     0x145c ./src/Ind_Wrapper.o
 .debug_info    0x0000145c      0x22e ./src/cr_startup_lpc11xx.o
 .debug_info    0x0000168a       0x40 ./src/crp.o
 .debug_info    0x000016ca      0x916 ./src/motordriver.o
 .debug_info    0x00001fe0       0x97 ./src/sysinit.o
 .debug_info    0x00002077      0xa7a C:\Users\sdkar\Documents\MCUXpressoIDE_11.6.0_8187\workspace\nxp_lpcxpresso_11c24_board_lib\Debug\libnxp_lpcxpresso_11c24_board_lib.a(board_sysinit.o)
 .debug_info    0x00002af1       0xb7 C:\Users\sdkar\Documents\MCUXpressoIDE_11.6.0_8187\workspace\lpc_chip_11cxx_lib\Debug\liblpc_chip_11cxx_lib.a(chip_11xx.o)
 .debug_info    0x00002ba8      0x8f4 C:\Users\sdkar\Documents\MCUXpressoIDE_11.6.0_8187\workspace\lpc_chip_11cxx_lib\Debug\liblpc_chip_11cxx_lib.a(clock_11xx.o)
 .debug_info    0x0000349c      0xbcf C:\Users\sdkar\Documents\MCUXpressoIDE_11.6.0_8187\workspace\lpc_chip_11cxx_lib\Debug\liblpc_chip_11cxx_lib.a(gpio_11xx_2.o)
 .debug_info    0x0000406b      0x5b5 C:\Users\sdkar\Documents\MCUXpressoIDE_11.6.0_8187\workspace\lpc_chip_11cxx_lib\Debug\liblpc_chip_11cxx_lib.a(sysctl_11xx.o)
 .debug_info    0x00004620      0x83f C:\Users\sdkar\Documents\MCUXpressoIDE_11.6.0_8187\workspace\lpc_chip_11cxx_lib\Debug\liblpc_chip_11cxx_lib.a(timer_11xx.o)

.debug_abbrev   0x00000000     0x1014
 .debug_abbrev  0x00000000      0x34e ./src/Ind_Wrapper.o
 .debug_abbrev  0x0000034e      0x111 ./src/cr_startup_lpc11xx.o
 .debug_abbrev  0x0000045f       0x38 ./src/crp.o
 .debug_abbrev  0x00000497      0x221 ./src/motordriver.o
 .debug_abbrev  0x000006b8       0x47 ./src/sysinit.o
 .debug_abbrev  0x000006ff      0x21c C:\Users\sdkar\Documents\MCUXpressoIDE_11.6.0_8187\workspace\nxp_lpcxpresso_11c24_board_lib\Debug\libnxp_lpcxpresso_11c24_board_lib.a(board_sysinit.o)
 .debug_abbrev  0x0000091b       0x78 C:\Users\sdkar\Documents\MCUXpressoIDE_11.6.0_8187\workspace\lpc_chip_11cxx_lib\Debug\liblpc_chip_11cxx_lib.a(chip_11xx.o)
 .debug_abbrev  0x00000993      0x202 C:\Users\sdkar\Documents\MCUXpressoIDE_11.6.0_8187\workspace\lpc_chip_11cxx_lib\Debug\liblpc_chip_11cxx_lib.a(clock_11xx.o)
 .debug_abbrev  0x00000b95      0x1d8 C:\Users\sdkar\Documents\MCUXpressoIDE_11.6.0_8187\workspace\lpc_chip_11cxx_lib\Debug\liblpc_chip_11cxx_lib.a(gpio_11xx_2.o)
 .debug_abbrev  0x00000d6d       0xe5 C:\Users\sdkar\Documents\MCUXpressoIDE_11.6.0_8187\workspace\lpc_chip_11cxx_lib\Debug\liblpc_chip_11cxx_lib.a(sysctl_11xx.o)
 .debug_abbrev  0x00000e52      0x1c2 C:\Users\sdkar\Documents\MCUXpressoIDE_11.6.0_8187\workspace\lpc_chip_11cxx_lib\Debug\liblpc_chip_11cxx_lib.a(timer_11xx.o)

.debug_aranges  0x00000000      0x448
 .debug_aranges
                0x00000000       0xd0 ./src/Ind_Wrapper.o
 .debug_aranges
                0x000000d0       0x60 ./src/cr_startup_lpc11xx.o
 .debug_aranges
                0x00000130       0x18 ./src/crp.o
 .debug_aranges
                0x00000148       0xa0 ./src/motordriver.o
 .debug_aranges
                0x000001e8       0x20 ./src/sysinit.o
 .debug_aranges
                0x00000208       0x60 C:\Users\sdkar\Documents\MCUXpressoIDE_11.6.0_8187\workspace\nxp_lpcxpresso_11c24_board_lib\Debug\libnxp_lpcxpresso_11c24_board_lib.a(board_sysinit.o)
 .debug_aranges
                0x00000268       0x20 C:\Users\sdkar\Documents\MCUXpressoIDE_11.6.0_8187\workspace\lpc_chip_11cxx_lib\Debug\liblpc_chip_11cxx_lib.a(chip_11xx.o)
 .debug_aranges
                0x00000288       0x88 C:\Users\sdkar\Documents\MCUXpressoIDE_11.6.0_8187\workspace\lpc_chip_11cxx_lib\Debug\liblpc_chip_11cxx_lib.a(clock_11xx.o)
 .debug_aranges
                0x00000310       0xb0 C:\Users\sdkar\Documents\MCUXpressoIDE_11.6.0_8187\workspace\lpc_chip_11cxx_lib\Debug\liblpc_chip_11cxx_lib.a(gpio_11xx_2.o)
 .debug_aranges
                0x000003c0       0x38 C:\Users\sdkar\Documents\MCUXpressoIDE_11.6.0_8187\workspace\lpc_chip_11cxx_lib\Debug\liblpc_chip_11cxx_lib.a(sysctl_11xx.o)
 .debug_aranges
                0x000003f8       0x50 C:\Users\sdkar\Documents\MCUXpressoIDE_11.6.0_8187\workspace\lpc_chip_11cxx_lib\Debug\liblpc_chip_11cxx_lib.a(timer_11xx.o)

.debug_ranges   0x00000000      0x390
 .debug_ranges  0x00000000       0xc0 ./src/Ind_Wrapper.o
 .debug_ranges  0x000000c0       0x50 ./src/cr_startup_lpc11xx.o
 .debug_ranges  0x00000110       0x90 ./src/motordriver.o
 .debug_ranges  0x000001a0       0x10 ./src/sysinit.o
 .debug_ranges  0x000001b0       0x50 C:\Users\sdkar\Documents\MCUXpressoIDE_11.6.0_8187\workspace\nxp_lpcxpresso_11c24_board_lib\Debug\libnxp_lpcxpresso_11c24_board_lib.a(board_sysinit.o)
 .debug_ranges  0x00000200       0x10 C:\Users\sdkar\Documents\MCUXpressoIDE_11.6.0_8187\workspace\lpc_chip_11cxx_lib\Debug\liblpc_chip_11cxx_lib.a(chip_11xx.o)
 .debug_ranges  0x00000210       0x78 C:\Users\sdkar\Documents\MCUXpressoIDE_11.6.0_8187\workspace\lpc_chip_11cxx_lib\Debug\liblpc_chip_11cxx_lib.a(clock_11xx.o)
 .debug_ranges  0x00000288       0xa0 C:\Users\sdkar\Documents\MCUXpressoIDE_11.6.0_8187\workspace\lpc_chip_11cxx_lib\Debug\liblpc_chip_11cxx_lib.a(gpio_11xx_2.o)
 .debug_ranges  0x00000328       0x28 C:\Users\sdkar\Documents\MCUXpressoIDE_11.6.0_8187\workspace\lpc_chip_11cxx_lib\Debug\liblpc_chip_11cxx_lib.a(sysctl_11xx.o)
 .debug_ranges  0x00000350       0x40 C:\Users\sdkar\Documents\MCUXpressoIDE_11.6.0_8187\workspace\lpc_chip_11cxx_lib\Debug\liblpc_chip_11cxx_lib.a(timer_11xx.o)

.debug_macro    0x00000000     0x3a90
 .debug_macro   0x00000000      0x1bf ./src/Ind_Wrapper.o
 .debug_macro   0x000001bf      0xa66 ./src/Ind_Wrapper.o
 .debug_macro   0x00000c25       0x10 ./src/Ind_Wrapper.o
 .debug_macro   0x00000c35      0x12e ./src/Ind_Wrapper.o
 .debug_macro   0x00000d63      0x5b3 ./src/Ind_Wrapper.o
 .debug_macro   0x00001316       0x22 ./src/Ind_Wrapper.o
 .debug_macro   0x00001338       0x7b ./src/Ind_Wrapper.o
 .debug_macro   0x000013b3       0x10 ./src/Ind_Wrapper.o
 .debug_macro   0x000013c3       0x1f ./src/Ind_Wrapper.o
 .debug_macro   0x000013e2       0x3a ./src/Ind_Wrapper.o
 .debug_macro   0x0000141c      0x241 ./src/Ind_Wrapper.o
 .debug_macro   0x0000165d      0x117 ./src/Ind_Wrapper.o
 .debug_macro   0x00001774       0x22 ./src/Ind_Wrapper.o
 .debug_macro   0x00001796       0xb2 ./src/Ind_Wrapper.o
 .debug_macro   0x00001848       0x10 ./src/Ind_Wrapper.o
 .debug_macro   0x00001858      0x13e ./src/Ind_Wrapper.o
 .debug_macro   0x00001996       0x4c ./src/Ind_Wrapper.o
 .debug_macro   0x000019e2       0x16 ./src/Ind_Wrapper.o
 .debug_macro   0x000019f8      0x31a ./src/Ind_Wrapper.o
 .debug_macro   0x00001d12       0x2e ./src/Ind_Wrapper.o
 .debug_macro   0x00001d40       0xb8 ./src/Ind_Wrapper.o
 .debug_macro   0x00001df8       0x11 ./src/Ind_Wrapper.o
 .debug_macro   0x00001e09       0x7c ./src/Ind_Wrapper.o
 .debug_macro   0x00001e85      0x21c ./src/Ind_Wrapper.o
 .debug_macro   0x000020a1      0x113 ./src/Ind_Wrapper.o
 .debug_macro   0x000021b4       0x82 ./src/Ind_Wrapper.o
 .debug_macro   0x00002236       0x34 ./src/Ind_Wrapper.o
 .debug_macro   0x0000226a       0x16 ./src/Ind_Wrapper.o
 .debug_macro   0x00002280       0xd2 ./src/Ind_Wrapper.o
 .debug_macro   0x00002352       0x20 ./src/Ind_Wrapper.o
 .debug_macro   0x00002372       0x22 ./src/Ind_Wrapper.o
 .debug_macro   0x00002394       0x28 ./src/Ind_Wrapper.o
 .debug_macro   0x000023bc       0x1d ./src/cr_startup_lpc11xx.o
 .debug_macro   0x000023d9       0x1a ./src/crp.o
 .debug_macro   0x000023f3       0x34 ./src/crp.o
 .debug_macro   0x00002427      0x19d ./src/motordriver.o
 .debug_macro   0x000025c4       0x2e ./src/motordriver.o
 .debug_macro   0x000025f2      0x17d ./src/sysinit.o
 .debug_macro   0x0000276f       0x10 ./src/sysinit.o
 .debug_macro   0x0000277f      0x18b C:\Users\sdkar\Documents\MCUXpressoIDE_11.6.0_8187\workspace\nxp_lpcxpresso_11c24_board_lib\Debug\libnxp_lpcxpresso_11c24_board_lib.a(board_sysinit.o)
 .debug_macro   0x0000290a      0xa5a C:\Users\sdkar\Documents\MCUXpressoIDE_11.6.0_8187\workspace\nxp_lpcxpresso_11c24_board_lib\Debug\libnxp_lpcxpresso_11c24_board_lib.a(board_sysinit.o)
 .debug_macro   0x00003364       0x9a C:\Users\sdkar\Documents\MCUXpressoIDE_11.6.0_8187\workspace\nxp_lpcxpresso_11c24_board_lib\Debug\libnxp_lpcxpresso_11c24_board_lib.a(board_sysinit.o)
 .debug_macro   0x000033fe      0x148 C:\Users\sdkar\Documents\MCUXpressoIDE_11.6.0_8187\workspace\lpc_chip_11cxx_lib\Debug\liblpc_chip_11cxx_lib.a(chip_11xx.o)
 .debug_macro   0x00003546      0x148 C:\Users\sdkar\Documents\MCUXpressoIDE_11.6.0_8187\workspace\lpc_chip_11cxx_lib\Debug\liblpc_chip_11cxx_lib.a(clock_11xx.o)
 .debug_macro   0x0000368e      0x148 C:\Users\sdkar\Documents\MCUXpressoIDE_11.6.0_8187\workspace\lpc_chip_11cxx_lib\Debug\liblpc_chip_11cxx_lib.a(gpio_11xx_2.o)
 .debug_macro   0x000037d6      0x172 C:\Users\sdkar\Documents\MCUXpressoIDE_11.6.0_8187\workspace\lpc_chip_11cxx_lib\Debug\liblpc_chip_11cxx_lib.a(sysctl_11xx.o)
 .debug_macro   0x00003948      0x148 C:\Users\sdkar\Documents\MCUXpressoIDE_11.6.0_8187\workspace\lpc_chip_11cxx_lib\Debug\liblpc_chip_11cxx_lib.a(timer_11xx.o)

.debug_line     0x00000000     0x3195
 .debug_line    0x00000000      0x936 ./src/Ind_Wrapper.o
 .debug_line    0x00000936      0x135 ./src/cr_startup_lpc11xx.o
 .debug_line    0x00000a6b       0xb1 ./src/crp.o
 .debug_line    0x00000b1c      0x707 ./src/motordriver.o
 .debug_line    0x00001223      0x3c7 ./src/sysinit.o
 .debug_line    0x000015ea      0x542 C:\Users\sdkar\Documents\MCUXpressoIDE_11.6.0_8187\workspace\nxp_lpcxpresso_11c24_board_lib\Debug\libnxp_lpcxpresso_11c24_board_lib.a(board_sysinit.o)
 .debug_line    0x00001b2c      0x347 C:\Users\sdkar\Documents\MCUXpressoIDE_11.6.0_8187\workspace\lpc_chip_11cxx_lib\Debug\liblpc_chip_11cxx_lib.a(chip_11xx.o)
 .debug_line    0x00001e73      0x564 C:\Users\sdkar\Documents\MCUXpressoIDE_11.6.0_8187\workspace\lpc_chip_11cxx_lib\Debug\liblpc_chip_11cxx_lib.a(clock_11xx.o)
 .debug_line    0x000023d7      0x5b0 C:\Users\sdkar\Documents\MCUXpressoIDE_11.6.0_8187\workspace\lpc_chip_11cxx_lib\Debug\liblpc_chip_11cxx_lib.a(gpio_11xx_2.o)
 .debug_line    0x00002987      0x3c8 C:\Users\sdkar\Documents\MCUXpressoIDE_11.6.0_8187\workspace\lpc_chip_11cxx_lib\Debug\liblpc_chip_11cxx_lib.a(sysctl_11xx.o)
 .debug_line    0x00002d4f      0x446 C:\Users\sdkar\Documents\MCUXpressoIDE_11.6.0_8187\workspace\lpc_chip_11cxx_lib\Debug\liblpc_chip_11cxx_lib.a(timer_11xx.o)

.debug_str      0x00000000     0xadd0
 .debug_str     0x00000000     0x9bb3 ./src/Ind_Wrapper.o
                               0x9d34 (size before relaxing)
 .debug_str     0x00009bb3      0x178 ./src/cr_startup_lpc11xx.o
                               0x2dd9 (size before relaxing)
 .debug_str     0x00009d2b       0xe9 ./src/crp.o
                               0x2d44 (size before relaxing)
 .debug_str     0x00009e14      0x2b6 ./src/motordriver.o
                               0x8f20 (size before relaxing)
 .debug_str     0x0000a0ca       0x11 ./src/sysinit.o
                               0x88d2 (size before relaxing)
 .debug_str     0x0000a0db      0x3ac C:\Users\sdkar\Documents\MCUXpressoIDE_11.6.0_8187\workspace\nxp_lpcxpresso_11c24_board_lib\Debug\libnxp_lpcxpresso_11c24_board_lib.a(board_sysinit.o)
                               0x9171 (size before relaxing)
 .debug_str     0x0000a487       0x8f C:\Users\sdkar\Documents\MCUXpressoIDE_11.6.0_8187\workspace\lpc_chip_11cxx_lib\Debug\liblpc_chip_11cxx_lib.a(chip_11xx.o)
                               0x8571 (size before relaxing)
 .debug_str     0x0000a516      0x451 C:\Users\sdkar\Documents\MCUXpressoIDE_11.6.0_8187\workspace\lpc_chip_11cxx_lib\Debug\liblpc_chip_11cxx_lib.a(clock_11xx.o)
                               0x8d3f (size before relaxing)
 .debug_str     0x0000a967      0x1a8 C:\Users\sdkar\Documents\MCUXpressoIDE_11.6.0_8187\workspace\lpc_chip_11cxx_lib\Debug\liblpc_chip_11cxx_lib.a(gpio_11xx_2.o)
                               0x8c13 (size before relaxing)
 .debug_str     0x0000ab0f      0x19f C:\Users\sdkar\Documents\MCUXpressoIDE_11.6.0_8187\workspace\lpc_chip_11cxx_lib\Debug\liblpc_chip_11cxx_lib.a(sysctl_11xx.o)
                               0x897f (size before relaxing)
 .debug_str     0x0000acae      0x122 C:\Users\sdkar\Documents\MCUXpressoIDE_11.6.0_8187\workspace\lpc_chip_11cxx_lib\Debug\liblpc_chip_11cxx_lib.a(timer_11xx.o)
                               0x8b06 (size before relaxing)

.comment        0x00000000       0x49
 .comment       0x00000000       0x49 ./src/Ind_Wrapper.o
                                 0x4a (size before relaxing)
 .comment       0x00000049       0x4a ./src/cr_startup_lpc11xx.o
 .comment       0x00000049       0x4a ./src/crp.o
 .comment       0x00000049       0x4a ./src/motordriver.o
 .comment       0x00000049       0x4a ./src/sysinit.o
 .comment       0x00000049       0x4a C:\Users\sdkar\Documents\MCUXpressoIDE_11.6.0_8187\workspace\nxp_lpcxpresso_11c24_board_lib\Debug\libnxp_lpcxpresso_11c24_board_lib.a(board_sysinit.o)
 .comment       0x00000049       0x4a C:\Users\sdkar\Documents\MCUXpressoIDE_11.6.0_8187\workspace\lpc_chip_11cxx_lib\Debug\liblpc_chip_11cxx_lib.a(chip_11xx.o)
 .comment       0x00000049       0x4a C:\Users\sdkar\Documents\MCUXpressoIDE_11.6.0_8187\workspace\lpc_chip_11cxx_lib\Debug\liblpc_chip_11cxx_lib.a(clock_11xx.o)
 .comment       0x00000049       0x4a C:\Users\sdkar\Documents\MCUXpressoIDE_11.6.0_8187\workspace\lpc_chip_11cxx_lib\Debug\liblpc_chip_11cxx_lib.a(gpio_11xx_2.o)
 .comment       0x00000049       0x4a C:\Users\sdkar\Documents\MCUXpressoIDE_11.6.0_8187\workspace\lpc_chip_11cxx_lib\Debug\liblpc_chip_11cxx_lib.a(sysctl_11xx.o)
 .comment       0x00000049       0x4a C:\Users\sdkar\Documents\MCUXpressoIDE_11.6.0_8187\workspace\lpc_chip_11cxx_lib\Debug\liblpc_chip_11cxx_lib.a(timer_11xx.o)
 .comment       0x00000049       0x4a c:/nxp/mcuxpressoide_11.6.0_8187/ide/plugins/com.nxp.mcuxpresso.tools.win32_11.6.0.202112161359/tools/bin/../lib/gcc/arm-none-eabi/10.3.1/../../../../arm-none-eabi/lib/thumb/v6-m/nofp\libcr_c.a(__weak__main.o)

.ARM.attributes
                0x00000000       0x2a
 .ARM.attributes
                0x00000000       0x2c ./src/Ind_Wrapper.o
 .ARM.attributes
                0x0000002c       0x2c ./src/cr_startup_lpc11xx.o
 .ARM.attributes
                0x00000058       0x2c ./src/crp.o
 .ARM.attributes
                0x00000084       0x2c ./src/motordriver.o
 .ARM.attributes
                0x000000b0       0x2c ./src/sysinit.o
 .ARM.attributes
                0x000000dc       0x2c C:\Users\sdkar\Documents\MCUXpressoIDE_11.6.0_8187\workspace\nxp_lpcxpresso_11c24_board_lib\Debug\libnxp_lpcxpresso_11c24_board_lib.a(board_sysinit.o)
 .ARM.attributes
                0x00000108       0x2c C:\Users\sdkar\Documents\MCUXpressoIDE_11.6.0_8187\workspace\lpc_chip_11cxx_lib\Debug\liblpc_chip_11cxx_lib.a(chip_11xx.o)
 .ARM.attributes
                0x00000134       0x2c C:\Users\sdkar\Documents\MCUXpressoIDE_11.6.0_8187\workspace\lpc_chip_11cxx_lib\Debug\liblpc_chip_11cxx_lib.a(clock_11xx.o)
 .ARM.attributes
                0x00000160       0x2c C:\Users\sdkar\Documents\MCUXpressoIDE_11.6.0_8187\workspace\lpc_chip_11cxx_lib\Debug\liblpc_chip_11cxx_lib.a(gpio_11xx_2.o)
 .ARM.attributes
                0x0000018c       0x2c C:\Users\sdkar\Documents\MCUXpressoIDE_11.6.0_8187\workspace\lpc_chip_11cxx_lib\Debug\liblpc_chip_11cxx_lib.a(sysctl_11xx.o)
 .ARM.attributes
                0x000001b8       0x2c C:\Users\sdkar\Documents\MCUXpressoIDE_11.6.0_8187\workspace\lpc_chip_11cxx_lib\Debug\liblpc_chip_11cxx_lib.a(timer_11xx.o)
 .ARM.attributes
                0x000001e4       0x2c c:/nxp/mcuxpressoide_11.6.0_8187/ide/plugins/com.nxp.mcuxpresso.tools.win32_11.6.0.202112161359/tools/bin/../lib/gcc/arm-none-eabi/10.3.1/../../../../arm-none-eabi/lib/thumb/v6-m/nofp\libcr_c.a(__weak__main.o)
 .ARM.attributes
                0x00000210       0x1c c:/nxp/mcuxpressoide_11.6.0_8187/ide/plugins/com.nxp.mcuxpresso.tools.win32_11.6.0.202112161359/tools/bin/../lib/gcc/arm-none-eabi/10.3.1/thumb/v6-m/nofp\libcr_eabihelpers.a(division_32.o)
 .ARM.attributes
                0x0000022c       0x1c c:/nxp/mcuxpressoide_11.6.0_8187/ide/plugins/com.nxp.mcuxpresso.tools.win32_11.6.0.202112161359/tools/bin/../lib/gcc/arm-none-eabi/10.3.1/thumb/v6-m/nofp\libcr_eabihelpers.a(division_idiv0.o)

.debug_frame    0x00000000      0xd60
 .debug_frame   0x00000000      0x2e4 ./src/Ind_Wrapper.o
 .debug_frame   0x000002e4      0x118 ./src/cr_startup_lpc11xx.o
 .debug_frame   0x000003fc      0x230 ./src/motordriver.o
 .debug_frame   0x0000062c       0x2c ./src/sysinit.o
 .debug_frame   0x00000658      0x128 C:\Users\sdkar\Documents\MCUXpressoIDE_11.6.0_8187\workspace\nxp_lpcxpresso_11c24_board_lib\Debug\libnxp_lpcxpresso_11c24_board_lib.a(board_sysinit.o)
 .debug_frame   0x00000780       0x2c C:\Users\sdkar\Documents\MCUXpressoIDE_11.6.0_8187\workspace\lpc_chip_11cxx_lib\Debug\liblpc_chip_11cxx_lib.a(chip_11xx.o)
 .debug_frame   0x000007ac      0x1c4 C:\Users\sdkar\Documents\MCUXpressoIDE_11.6.0_8187\workspace\lpc_chip_11cxx_lib\Debug\liblpc_chip_11cxx_lib.a(clock_11xx.o)
 .debug_frame   0x00000970      0x270 C:\Users\sdkar\Documents\MCUXpressoIDE_11.6.0_8187\workspace\lpc_chip_11cxx_lib\Debug\liblpc_chip_11cxx_lib.a(gpio_11xx_2.o)
 .debug_frame   0x00000be0       0x90 C:\Users\sdkar\Documents\MCUXpressoIDE_11.6.0_8187\workspace\lpc_chip_11cxx_lib\Debug\liblpc_chip_11cxx_lib.a(sysctl_11xx.o)
 .debug_frame   0x00000c70       0xf0 C:\Users\sdkar\Documents\MCUXpressoIDE_11.6.0_8187\workspace\lpc_chip_11cxx_lib\Debug\liblpc_chip_11cxx_lib.a(timer_11xx.o)

Cross Reference Table

Symbol                                            File
ADC_IRQHandler                                    ./src/cr_startup_lpc11xx.o
BOD_IRQHandler                                    ./src/cr_startup_lpc11xx.o
Board_SystemInit                                  C:\Users\sdkar\Documents\MCUXpressoIDE_11.6.0_8187\workspace\nxp_lpcxpresso_11c24_board_lib\Debug\libnxp_lpcxpresso_11c24_board_lib.a(board_sysinit.o)
                                                  ./src/sysinit.o
CAN_IRQHandler                                    ./src/Ind_Wrapper.o
CAN_error                                         ./src/Ind_Wrapper.o
CAN_rx                                            ./src/Ind_Wrapper.o
CAN_tx                                            ./src/Ind_Wrapper.o
CRP_WORD                                          ./src/crp.o
CanApiClkInitTable                                ./src/Ind_Wrapper.o
Can_CallbackInit                                  ./src/Ind_Wrapper.o
Chip_Clock_GetMainClockRate                       C:\Users\sdkar\Documents\MCUXpressoIDE_11.6.0_8187\workspace\lpc_chip_11cxx_lib\Debug\liblpc_chip_11cxx_lib.a(clock_11xx.o)
                                                  ./src/Ind_Wrapper.o
Chip_Clock_GetSystemClockRate                     C:\Users\sdkar\Documents\MCUXpressoIDE_11.6.0_8187\workspace\lpc_chip_11cxx_lib\Debug\liblpc_chip_11cxx_lib.a(clock_11xx.o)
                                                  C:\Users\sdkar\Documents\MCUXpressoIDE_11.6.0_8187\workspace\lpc_chip_11cxx_lib\Debug\liblpc_chip_11cxx_lib.a(chip_11xx.o)
Chip_Clock_GetSystemPLLInClockRate                C:\Users\sdkar\Documents\MCUXpressoIDE_11.6.0_8187\workspace\lpc_chip_11cxx_lib\Debug\liblpc_chip_11cxx_lib.a(clock_11xx.o)
Chip_Clock_GetSystemPLLOutClockRate               C:\Users\sdkar\Documents\MCUXpressoIDE_11.6.0_8187\workspace\lpc_chip_11cxx_lib\Debug\liblpc_chip_11cxx_lib.a(clock_11xx.o)
Chip_Clock_GetWDTOSCRate                          C:\Users\sdkar\Documents\MCUXpressoIDE_11.6.0_8187\workspace\lpc_chip_11cxx_lib\Debug\liblpc_chip_11cxx_lib.a(clock_11xx.o)
Chip_Clock_SetCLKOUTSource                        C:\Users\sdkar\Documents\MCUXpressoIDE_11.6.0_8187\workspace\lpc_chip_11cxx_lib\Debug\liblpc_chip_11cxx_lib.a(clock_11xx.o)
Chip_Clock_SetMainClockSource                     C:\Users\sdkar\Documents\MCUXpressoIDE_11.6.0_8187\workspace\lpc_chip_11cxx_lib\Debug\liblpc_chip_11cxx_lib.a(clock_11xx.o)
                                                  C:\Users\sdkar\Documents\MCUXpressoIDE_11.6.0_8187\workspace\nxp_lpcxpresso_11c24_board_lib\Debug\libnxp_lpcxpresso_11c24_board_lib.a(board_sysinit.o)
Chip_Clock_SetPLLBypass                           C:\Users\sdkar\Documents\MCUXpressoIDE_11.6.0_8187\workspace\lpc_chip_11cxx_lib\Debug\liblpc_chip_11cxx_lib.a(clock_11xx.o)
Chip_Clock_SetSystemPLLSource                     C:\Users\sdkar\Documents\MCUXpressoIDE_11.6.0_8187\workspace\lpc_chip_11cxx_lib\Debug\liblpc_chip_11cxx_lib.a(clock_11xx.o)
                                                  C:\Users\sdkar\Documents\MCUXpressoIDE_11.6.0_8187\workspace\nxp_lpcxpresso_11c24_board_lib\Debug\libnxp_lpcxpresso_11c24_board_lib.a(board_sysinit.o)
Chip_Clock_SetWDTClockSource                      C:\Users\sdkar\Documents\MCUXpressoIDE_11.6.0_8187\workspace\lpc_chip_11cxx_lib\Debug\liblpc_chip_11cxx_lib.a(clock_11xx.o)
Chip_GPIO_AllInit                                 ./src/Ind_Wrapper.o
Chip_GPIO_DeInit                                  C:\Users\sdkar\Documents\MCUXpressoIDE_11.6.0_8187\workspace\lpc_chip_11cxx_lib\Debug\liblpc_chip_11cxx_lib.a(gpio_11xx_2.o)
Chip_GPIO_Init                                    C:\Users\sdkar\Documents\MCUXpressoIDE_11.6.0_8187\workspace\lpc_chip_11cxx_lib\Debug\liblpc_chip_11cxx_lib.a(gpio_11xx_2.o)
                                                  ./src/Ind_Wrapper.o
Chip_GPIO_SetDir                                  C:\Users\sdkar\Documents\MCUXpressoIDE_11.6.0_8187\workspace\lpc_chip_11cxx_lib\Debug\liblpc_chip_11cxx_lib.a(gpio_11xx_2.o)
Chip_GPIO_SetPinDIR                               C:\Users\sdkar\Documents\MCUXpressoIDE_11.6.0_8187\workspace\lpc_chip_11cxx_lib\Debug\liblpc_chip_11cxx_lib.a(gpio_11xx_2.o)
Chip_GPIO_SetPortDIR                              C:\Users\sdkar\Documents\MCUXpressoIDE_11.6.0_8187\workspace\lpc_chip_11cxx_lib\Debug\liblpc_chip_11cxx_lib.a(gpio_11xx_2.o)
Chip_GPIO_SetupPinInt                             C:\Users\sdkar\Documents\MCUXpressoIDE_11.6.0_8187\workspace\lpc_chip_11cxx_lib\Debug\liblpc_chip_11cxx_lib.a(gpio_11xx_2.o)
                                                  ./src/Ind_Wrapper.o
Chip_GPIO_WriteDirBit                             C:\Users\sdkar\Documents\MCUXpressoIDE_11.6.0_8187\workspace\lpc_chip_11cxx_lib\Debug\liblpc_chip_11cxx_lib.a(gpio_11xx_2.o)
Chip_SYSCTL_PowerDown                             C:\Users\sdkar\Documents\MCUXpressoIDE_11.6.0_8187\workspace\lpc_chip_11cxx_lib\Debug\liblpc_chip_11cxx_lib.a(sysctl_11xx.o)
                                                  C:\Users\sdkar\Documents\MCUXpressoIDE_11.6.0_8187\workspace\nxp_lpcxpresso_11c24_board_lib\Debug\libnxp_lpcxpresso_11c24_board_lib.a(board_sysinit.o)
Chip_SYSCTL_PowerUp                               C:\Users\sdkar\Documents\MCUXpressoIDE_11.6.0_8187\workspace\lpc_chip_11cxx_lib\Debug\liblpc_chip_11cxx_lib.a(sysctl_11xx.o)
                                                  C:\Users\sdkar\Documents\MCUXpressoIDE_11.6.0_8187\workspace\nxp_lpcxpresso_11c24_board_lib\Debug\libnxp_lpcxpresso_11c24_board_lib.a(board_sysinit.o)
Chip_SYSCTL_SetDeepSleepPD                        C:\Users\sdkar\Documents\MCUXpressoIDE_11.6.0_8187\workspace\lpc_chip_11cxx_lib\Debug\liblpc_chip_11cxx_lib.a(sysctl_11xx.o)
Chip_SYSCTL_SetWakeup                             C:\Users\sdkar\Documents\MCUXpressoIDE_11.6.0_8187\workspace\lpc_chip_11cxx_lib\Debug\liblpc_chip_11cxx_lib.a(sysctl_11xx.o)
                                                  ./src/Ind_Wrapper.o
Chip_TIMER_DeInit                                 C:\Users\sdkar\Documents\MCUXpressoIDE_11.6.0_8187\workspace\lpc_chip_11cxx_lib\Debug\liblpc_chip_11cxx_lib.a(timer_11xx.o)
Chip_TIMER_ExtMatchControlSet                     C:\Users\sdkar\Documents\MCUXpressoIDE_11.6.0_8187\workspace\lpc_chip_11cxx_lib\Debug\liblpc_chip_11cxx_lib.a(timer_11xx.o)
Chip_TIMER_Init                                   C:\Users\sdkar\Documents\MCUXpressoIDE_11.6.0_8187\workspace\lpc_chip_11cxx_lib\Debug\liblpc_chip_11cxx_lib.a(timer_11xx.o)
                                                  ./src/motordriver.o
Chip_TIMER_PWMRead                                ./src/motordriver.o
Chip_TIMER_PWMWrite                               ./src/motordriver.o
Chip_TIMER_Reset                                  C:\Users\sdkar\Documents\MCUXpressoIDE_11.6.0_8187\workspace\lpc_chip_11cxx_lib\Debug\liblpc_chip_11cxx_lib.a(timer_11xx.o)
DC_MOTOR_CfgParam                                 ./src/motordriver.o
DC_MOTOR_Init                                     ./src/motordriver.o
                                                  ./src/Ind_Wrapper.o
DC_MOTOR_Set_Dir                                  ./src/motordriver.o
DC_MOTOR_Set_Speed                                ./src/motordriver.o
                                                  ./src/Ind_Wrapper.o
DC_MOTOR_Start                                    ./src/motordriver.o
                                                  ./src/Ind_Wrapper.o
DC_Motor_Stop                                     ./src/motordriver.o
HardFault_Handler                                 ./src/cr_startup_lpc11xx.o
I2C_IRQHandler                                    ./src/cr_startup_lpc11xx.o
IntDefaultHandler                                 ./src/cr_startup_lpc11xx.o
NMI_Handler                                       ./src/cr_startup_lpc11xx.o
PIOINT0_IRQHandler                                ./src/Ind_Wrapper.o
PIOINT1_IRQHandler                                ./src/cr_startup_lpc11xx.o
PIOINT2_IRQHandler                                ./src/cr_startup_lpc11xx.o
PIOINT3_IRQHandler                                ./src/cr_startup_lpc11xx.o
PendSV_Handler                                    ./src/cr_startup_lpc11xx.o
ResetISR                                          ./src/cr_startup_lpc11xx.o
Rx_Command                                        ./src/Ind_Wrapper.o
SSP0_IRQHandler                                   ./src/cr_startup_lpc11xx.o
SSP1_IRQHandler                                   ./src/cr_startup_lpc11xx.o
SVC_Handler                                       ./src/cr_startup_lpc11xx.o
Send_Data                                         ./src/Ind_Wrapper.o
Send_INPData                                      ./src/Ind_Wrapper.o
Send_Msg                                          ./src/Ind_Wrapper.o
SysTick_Handler                                   ./src/cr_startup_lpc11xx.o
SystemCoreClock                                   C:\Users\sdkar\Documents\MCUXpressoIDE_11.6.0_8187\workspace\lpc_chip_11cxx_lib\Debug\liblpc_chip_11cxx_lib.a(chip_11xx.o)
SystemCoreClockUpdate                             C:\Users\sdkar\Documents\MCUXpressoIDE_11.6.0_8187\workspace\lpc_chip_11cxx_lib\Debug\liblpc_chip_11cxx_lib.a(chip_11xx.o)
                                                  ./src/Ind_Wrapper.o
SystemInit                                        ./src/sysinit.o
                                                  ./src/cr_startup_lpc11xx.o
TIMER16_0_IRQHandler                              ./src/cr_startup_lpc11xx.o
TIMER16_1_IRQHandler                              ./src/cr_startup_lpc11xx.o
TIMER32_0_IRQHandler                              ./src/cr_startup_lpc11xx.o
TIMER32_1_IRQHandler                              ./src/cr_startup_lpc11xx.o
UART_IRQHandler                                   ./src/cr_startup_lpc11xx.o
WAKEUP_IRQHandler                                 ./src/cr_startup_lpc11xx.o
WDT_IRQHandler                                    ./src/cr_startup_lpc11xx.o
__aeabi_idiv                                      c:/nxp/mcuxpressoide_11.6.0_8187/ide/plugins/com.nxp.mcuxpresso.tools.win32_11.6.0.202112161359/tools/bin/../lib/gcc/arm-none-eabi/10.3.1/thumb/v6-m/nofp\libcr_eabihelpers.a(division_32.o)
                                                  ./src/motordriver.o
__aeabi_idiv0                                     c:/nxp/mcuxpressoide_11.6.0_8187/ide/plugins/com.nxp.mcuxpresso.tools.win32_11.6.0.202112161359/tools/bin/../lib/gcc/arm-none-eabi/10.3.1/thumb/v6-m/nofp\libcr_eabihelpers.a(division_idiv0.o)
                                                  c:/nxp/mcuxpressoide_11.6.0_8187/ide/plugins/com.nxp.mcuxpresso.tools.win32_11.6.0.202112161359/tools/bin/../lib/gcc/arm-none-eabi/10.3.1/thumb/v6-m/nofp\libcr_eabihelpers.a(division_32.o)
__aeabi_idivmod                                   c:/nxp/mcuxpressoide_11.6.0_8187/ide/plugins/com.nxp.mcuxpresso.tools.win32_11.6.0.202112161359/tools/bin/../lib/gcc/arm-none-eabi/10.3.1/thumb/v6-m/nofp\libcr_eabihelpers.a(division_32.o)
__aeabi_uidiv                                     c:/nxp/mcuxpressoide_11.6.0_8187/ide/plugins/com.nxp.mcuxpresso.tools.win32_11.6.0.202112161359/tools/bin/../lib/gcc/arm-none-eabi/10.3.1/thumb/v6-m/nofp\libcr_eabihelpers.a(division_32.o)
                                                  C:\Users\sdkar\Documents\MCUXpressoIDE_11.6.0_8187\workspace\lpc_chip_11cxx_lib\Debug\liblpc_chip_11cxx_lib.a(clock_11xx.o)
                                                  ./src/motordriver.o
                                                  ./src/Ind_Wrapper.o
__aeabi_uidivmod                                  c:/nxp/mcuxpressoide_11.6.0_8187/ide/plugins/com.nxp.mcuxpresso.tools.win32_11.6.0.202112161359/tools/bin/../lib/gcc/arm-none-eabi/10.3.1/thumb/v6-m/nofp\libcr_eabihelpers.a(division_32.o)
__bss_section_table_end                           ./src/cr_startup_lpc11xx.o
__data_section_table                              ./src/cr_startup_lpc11xx.o
__data_section_table_end                          ./src/cr_startup_lpc11xx.o
__main                                            c:/nxp/mcuxpressoide_11.6.0_8187/ide/plugins/com.nxp.mcuxpresso.tools.win32_11.6.0.202112161359/tools/bin/../lib/gcc/arm-none-eabi/10.3.1/../../../../arm-none-eabi/lib/thumb/v6-m/nofp\libcr_c.a(__weak__main.o)
                                                  ./src/cr_startup_lpc11xx.o
__valid_user_code_checksum                        ./src/cr_startup_lpc11xx.o
__weak_main                                       c:/nxp/mcuxpressoide_11.6.0_8187/ide/plugins/com.nxp.mcuxpresso.tools.win32_11.6.0.202112161359/tools/bin/../lib/gcc/arm-none-eabi/10.3.1/../../../../arm-none-eabi/lib/thumb/v6-m/nofp\libcr_c.a(__weak__main.o)
_vStackTop                                        ./src/cr_startup_lpc11xx.o
baudrateCalculate                                 ./src/Ind_Wrapper.o
bss_init                                          ./src/cr_startup_lpc11xx.o
count                                             ./src/Ind_Wrapper.o
data_init                                         ./src/cr_startup_lpc11xx.o
g_pfnVectors                                      ./src/cr_startup_lpc11xx.o
main                                              ./src/Ind_Wrapper.o
                                                  c:/nxp/mcuxpressoide_11.6.0_8187/ide/plugins/com.nxp.mcuxpresso.tools.win32_11.6.0.202112161359/tools/bin/../lib/gcc/arm-none-eabi/10.3.1/../../../../arm-none-eabi/lib/thumb/v6-m/nofp\libcr_c.a(__weak__main.o)
pwm                                               ./src/Ind_Wrapper.o
pwmInit                                           ./src/motordriver.o
                                                  ./src/Ind_Wrapper.o
send_msg                                          ./src/Ind_Wrapper.o
setFreq                                           ./src/motordriver.o
set_up_msg                                        ./src/Ind_Wrapper.o
turn_value                                        ./src/Ind_Wrapper.o
