C:\Users\sdkar\Documents\MCUXpressoIDE_11.6.0_8187\w_s_mustafa\lpc_chip_11cxx_lib\inc/clock_11xx.h:457:24:Chip_Clock_GetMainOscRate	8	static
C:\Users\sdkar\Documents\MCUXpressoIDE_11.6.0_8187\w_s_mustafa\lpc_chip_11cxx_lib\inc/clock_11xx.h:466:24:Chip_Clock_GetIntOscRate	8	static
../src/clock_11xx.c:64:17:Chip_Clock_GetWDTLFORate	24	static
../src/clock_11xx.c:78:17:Chip_Clock_GetPLLFreq	24	static
../src/clock_11xx.c:90:6:Chip_Clock_SetSystemPLLSource	16	static
../src/clock_11xx.c:98:6:Chip_Clock_SetPLLBypass	24	static
../src/clock_11xx.c:124:6:Chip_Clock_SetMainClockSource	16	static
../src/clock_11xx.c:145:6:Chip_Clock_SetWDTClockSource	16	static
../src/clock_11xx.c:157:6:Chip_Clock_SetCLKOUTSource	16	static
../src/clock_11xx.c:168:10:Chip_Clock_GetWDTOSCRate	8	static
../src/clock_11xx.c:183:10:Chip_Clock_GetSystemPLLInClockRate	16	static
../src/clock_11xx.c:210:10:Chip_Clock_GetSystemPLLOutClockRate	16	static
../src/clock_11xx.c:248:10:Chip_Clock_GetMainClockRate	16	static
../src/clock_11xx.c:281:10:Chip_Clock_GetSystemClockRate	8	static
