C:\Users\sdkar\Documents\MCUXpressoIDE_11.6.0_8187\w_s_mustafa\lpc_chip_11cxx_lib\inc/fmc_11xx.h:85:20:Chip_FMC_SetFLASHAccess	24	static
C:\Users\sdkar\Documents\MCUXpressoIDE_11.6.0_8187\w_s_mustafa\lpc_chip_11cxx_lib\inc/clock_11xx.h:55:20:Chip_Clock_SetupSystemPLL	16	static
C:\Users\sdkar\Documents\MCUXpressoIDE_11.6.0_8187\w_s_mustafa\lpc_chip_11cxx_lib\inc/clock_11xx.h:64:20:Chip_Clock_IsSystemPLLLocked	8	static
C:\Users\sdkar\Documents\MCUXpressoIDE_11.6.0_8187\w_s_mustafa\lpc_chip_11cxx_lib\inc/clock_11xx.h:221:20:Chip_Clock_SetSysClockDiv	16	static
C:\Users\sdkar\Documents\MCUXpressoIDE_11.6.0_8187\w_s_mustafa\lpc_chip_11cxx_lib\inc/clock_11xx.h:296:20:Chip_Clock_EnablePeriphClock	16	static
../src/sysinit_11xx.c:51:6:Chip_SystemInit	8	static
